#separator \x09
#set_separator	,
#empty_field	(empty)
#unset_field	-
#path	conn
#open	2026-03-10-15-01-33
#fields	ts	uid	id.orig_h	id.orig_p	id.resp_h	id.resp_p	proto	service	duration	orig_bytes	resp_bytes	conn_state	local_orig	local_resp	missed_bytes	history	orig_pkts	orig_ip_bytes	resp_pkts	resp_ip_bytes	tunnel_parents	orig_l2_addr	resp_l2_addr
#types	time	string	addr	port	addr	port	enum	string	interval	count	count	string	bool	bool	count	string	count	count	count	count	set[string]	string	string
1773154832.865056	C54rNh2kFkv8ejXSgi	::	143	ff02::16	0	icmp	-	0.775811	120	0	OTH	T	F	0	-	2	232	0	0	-	08:00:27:b2:e4:c1	33:33:00:00:00:16
1773155134.608319	ChlDLm3fY7nMWglnH1	fe80::48f5:1000:b11d:cd30	5353	ff02::fb	5353	udp	dns	29.552254	1462	0	S0	T	F	0	D	8	1846	0	0	-	08:00:27:b2:e4:c1	33:33:00:00:00:fb
1773155179.878954	Co113MdJNAjzZsdBd	fe80::48f5:1000:b11d:cd30	5353	ff02::fb	5353	udp	dns	29.326808	1131	0	S0	T	F	0	D	7	1467	0	0	-	08:00:27:b2:e4:c1	33:33:00:00:00:fb
1773155224.901579	CVEuWP2MBthC4tO5b9	fe80::48f5:1000:b11d:cd30	5353	ff02::fb	5353	udp	dns	29.339657	1131	0	S0	T	F	0	D	7	1467	0	0	-	08:00:27:b2:e4:c1	33:33:00:00:00:fb
1773155077.671282	CNggLF2SoIISUHkAli	::	135	ff02::1:ff17:9f6e	136	icmp	-	134.939016	96	0	OTH	T	F	0	-	4	288	0	0	-	08:00:27:cf:7f:15	33:33:ff:17:9f:6e
1773155078.691685	Cq6pdv2e3gcm8Rg4v2	fe80::1b7c:3140:8b17:9f6e	143	ff02::16	0	icmp	-	135.838327	160	0	OTH	T	F	0	-	8	608	0	0	-	08:00:27:cf:7f:15	33:33:00:00:00:16
1773155269.201113	CEu6zy27TIarIgUjB9	fe80::48f5:1000:b11d:cd30	5353	ff02::fb	5353	udp	dns	14.020196	1462	0	S0	T	F	0	D	8	1846	0	0	-	08:00:27:b2:e4:c1	33:33:00:00:00:fb
1773155078.765815	CLETkXws68rc1B49j	fe80::1b7c:3140:8b17:9f6e	133	ff02::2	134	icmp	-	164.345347	0	0	OTH	T	F	0	-	16	768	0	0	-	08:00:27:cf:7f:15	33:33:00:00:00:02
1773155299.239282	C6wmvc3J6MLrohz4Ji	fe80::48f5:1000:b11d:cd30	5353	ff02::fb	5353	udp	dns	-	-	-	S0	T	F	0	D	1	93	0	0	-	08:00:27:b2:e4:c1	33:33:00:00:00:fb
1773155133.374148	CVCEB14t64e7i8aNaj	::	135	ff02::1:ff1d:cd30	136	icmp	-	134.736007	96	0	OTH	T	F	0	-	4	288	0	0	-	08:00:27:b2:e4:c1	33:33:ff:1d:cd:30
1773155134.399598	CVgzFj2ZYMzC3QbyS2	fe80::48f5:1000:b11d:cd30	143	ff02::16	0	icmp	-	134.872779	320	0	OTH	T	F	0	-	8	768	0	0	-	08:00:27:b2:e4:c1	33:33:00:00:00:16
1773155134.649188	CJEWyL1SNmeuelbGNc	fe80::48f5:1000:b11d:cd30	133	ff02::2	134	icmp	-	164.356641	0	0	OTH	T	F	0	-	16	768	0	0	-	08:00:27:b2:e4:c1	33:33:00:00:00:02
1773155077.093036	C5JKwA1AQbZINlSnS8	0.0.0.0	68	255.255.255.255	67	udp	dhcp	225.465397	13824	0	S0	T	T	0	D	48	15168	0	0	-	08:00:27:cf:7f:15	ff:ff:ff:ff:ff:ff
1773155077.113677	CziZHj1z4NiqvDqjTe	::	143	ff02::16	0	icmp	-	236.137663	760	0	OTH	T	F	0	-	20	1880	0	0	-	08:00:27:cf:7f:15	33:33:00:00:00:16
1773155616.360272	CBjjeZ1N0Kb4AQgzw2	fe80::48f5:1000:b11d:cd30	5353	ff02::fb	5353	udp	dns	28.031819	821	0	S0	T	F	0	D	6	1109	0	0	-	08:00:27:b2:e4:c1	33:33:00:00:00:fb
1773155659.700409	CIJMqa3dolrv5QW4be	fe80::48f5:1000:b11d:cd30	5353	ff02::fb	5353	udp	dns	29.736111	1301	0	S0	T	F	0	D	8	1685	0	0	-	08:00:27:b2:e4:c1	33:33:00:00:00:fb
1773155705.127949	CecHkGE2iaUzmiuyb	fe80::48f5:1000:b11d:cd30	5353	ff02::fb	5353	udp	dns	29.327013	1131	0	S0	T	F	0	D	7	1467	0	0	-	08:00:27:b2:e4:c1	33:33:00:00:00:fb
1773155557.191323	C5pMTY22tbkZWitvA8	::	135	ff02::1:ff17:9f6e	136	icmp	-	135.738889	96	0	OTH	T	F	0	-	4	288	0	0	-	08:00:27:cf:7f:15	33:33:ff:17:9f:6e
1773155558.210161	C8gceW2ZH20GYablBa	fe80::1b7c:3140:8b17:9f6e	143	ff02::16	0	icmp	-	136.447765	160	0	OTH	T	F	0	-	8	608	0	0	-	08:00:27:cf:7f:15	33:33:00:00:00:16
1773155558.422007	Cjy68o1UfkbL2wQJJk	fe80::1b7c:3140:8b17:9f6e	133	ff02::2	134	icmp	-	165.054174	0	0	OTH	T	F	0	-	16	768	0	0	-	08:00:27:cf:7f:15	33:33:00:00:00:02
1773155751.406489	C1oZzH39350lm9tyk7	fe80::48f5:1000:b11d:cd30	5353	ff02::fb	5353	udp	dns	28.079310	821	0	S0	T	F	0	D	6	1109	0	0	-	08:00:27:b2:e4:c1	33:33:00:00:00:fb
1773155614.189352	CsYvrH1s213a8XATwh	::	135	ff02::1:ff1d:cd30	136	icmp	-	135.043527	96	0	OTH	T	F	0	-	4	288	0	0	-	08:00:27:b2:e4:c1	33:33:ff:1d:cd:30
1773155615.218232	C7QzaiUxqLFBIeVyl	fe80::48f5:1000:b11d:cd30	143	ff02::16	0	icmp	-	135.199213	320	0	OTH	T	F	0	-	8	768	0	0	-	08:00:27:b2:e4:c1	33:33:00:00:00:16
1773155615.266613	CUNX5o4oFISVehRic9	fe80::48f5:1000:b11d:cd30	133	ff02::2	134	icmp	-	166.328737	0	0	OTH	T	F	0	-	16	768	0	0	-	08:00:27:b2:e4:c1	33:33:00:00:00:02
1773155557.113309	CBtIIX2BHGEreFydWi	0.0.0.0	68	255.255.255.255	67	udp	dhcp	224.947638	13824	0	S0	T	T	0	D	48	15168	0	0	-	08:00:27:cf:7f:15	ff:ff:ff:ff:ff:ff
1773155557.134051	CSPCYtg4qdJbe5fRl	::	143	ff02::16	0	icmp	-	236.985236	640	0	OTH	T	F	0	-	19	1704	0	0	-	08:00:27:cf:7f:15	33:33:00:00:00:16
1773156095.400062	CMXheD20CeWMZgqOg8	fe80::48f5:1000:b11d:cd30	5353	ff02::fb	5353	udp	dns	29.251365	1131	0	S0	T	F	0	D	7	1467	0	0	-	08:00:27:b2:e4:c1	33:33:00:00:00:fb
1773156140.601793	Cbkbzx4mjk96yxEgZi	fe80::48f5:1000:b11d:cd30	5353	ff02::fb	5353	udp	dns	29.077519	1131	0	S0	T	F	0	D	7	1467	0	0	-	08:00:27:b2:e4:c1	33:33:00:00:00:fb
1773156185.533945	CxvIiX1e4CLUJJphn7	fe80::48f5:1000:b11d:cd30	5353	ff02::fb	5353	udp	dns	29.141386	1131	0	S0	T	F	0	D	7	1467	0	0	-	08:00:27:b2:e4:c1	33:33:00:00:00:fb
1773156037.601861	CBqJNb1DZbyoikNqm7	::	135	ff02::1:ff17:9f6e	136	icmp	-	135.521203	96	0	OTH	T	F	0	-	4	288	0	0	-	08:00:27:cf:7f:15	33:33:ff:17:9f:6e
1773156038.628585	CW92nS5YrH3O5DU2b	fe80::1b7c:3140:8b17:9f6e	143	ff02::16	0	icmp	-	135.901435	160	0	OTH	T	F	0	-	8	608	0	0	-	08:00:27:cf:7f:15	33:33:00:00:00:16
1773156038.825325	CFxXb22Og9zRYQEGS4	fe80::1b7c:3140:8b17:9f6e	133	ff02::2	134	icmp	-	164.923535	0	0	OTH	T	F	0	-	16	768	0	0	-	08:00:27:cf:7f:15	33:33:00:00:00:02
1773156231.631520	CnUpBr4Tg1jpYwrtA6	fe80::48f5:1000:b11d:cd30	5353	ff02::fb	5353	udp	dns	28.025796	821	0	S0	T	F	0	D	6	1109	0	0	-	08:00:27:b2:e4:c1	33:33:00:00:00:fb
1773156093.819927	C1rJFh3MKs9HvZ51Hl	::	135	ff02::1:ff1d:cd30	136	icmp	-	135.598171	96	0	OTH	T	F	0	-	4	288	0	0	-	08:00:27:b2:e4:c1	33:33:ff:1d:cd:30
1773156094.844929	C6Z5NB3Vx1aiAtudo	fe80::48f5:1000:b11d:cd30	143	ff02::16	0	icmp	-	136.434101	320	0	OTH	T	F	0	-	8	768	0	0	-	08:00:27:b2:e4:c1	33:33:00:00:00:16
1773156094.902953	CK1UJG3wLZiSsFP1Ab	fe80::48f5:1000:b11d:cd30	133	ff02::2	134	icmp	-	165.220181	0	0	OTH	T	F	0	-	16	768	0	0	-	08:00:27:b2:e4:c1	33:33:00:00:00:02
1773156037.155743	CjcEp35QY4XgDMOK8	0.0.0.0	68	255.255.255.255	67	udp	dhcp	225.006676	13824	0	S0	T	T	0	D	48	15168	0	0	-	08:00:27:cf:7f:15	ff:ff:ff:ff:ff:ff
1773156037.194907	CSVXi32BlQJwJlVo35	::	143	ff02::16	0	icmp	-	237.185002	800	0	OTH	T	F	0	-	21	1976	0	0	-	08:00:27:cf:7f:15	33:33:00:00:00:16
1773156575.658107	C59Xjy3QIczXSf5Kk	fe80::48f5:1000:b11d:cd30	5353	ff02::fb	5353	udp	dns	28.984843	1131	0	S0	T	F	0	D	7	1467	0	0	-	08:00:27:b2:e4:c1	33:33:00:00:00:fb
1773156620.729008	CaPOUe2XH7MzLNqgc1	fe80::48f5:1000:b11d:cd30	5353	ff02::fb	5353	udp	dns	28.923821	1131	0	S0	T	F	0	D	7	1467	0	0	-	08:00:27:b2:e4:c1	33:33:00:00:00:fb
1773156665.094032	CgGM2T3n44peVjR3ee	fe80::48f5:1000:b11d:cd30	5353	ff02::fb	5353	udp	dns	29.560658	1462	0	S0	T	F	0	D	8	1846	0	0	-	08:00:27:b2:e4:c1	33:33:00:00:00:fb
1773156517.891423	Cyo6y51cY4icysba9e	::	135	ff02::1:ff17:9f6e	136	icmp	-	134.554452	96	0	OTH	T	F	0	-	4	288	0	0	-	08:00:27:cf:7f:15	33:33:ff:17:9f:6e
1773156518.914995	CHg9791wuP59IgWrNh	fe80::1b7c:3140:8b17:9f6e	143	ff02::16	0	icmp	-	135.139684	160	0	OTH	T	F	0	-	8	608	0	0	-	08:00:27:cf:7f:15	33:33:00:00:00:16
1773156518.991399	C0TAD934M9neqPxYgf	fe80::1b7c:3140:8b17:9f6e	133	ff02::2	134	icmp	-	162.661522	0	0	OTH	T	F	0	-	16	768	0	0	-	08:00:27:cf:7f:15	33:33:00:00:00:02
1773156711.657711	CD2rXg3L9KptxK5Z2a	fe80::48f5:1000:b11d:cd30	5353	ff02::fb	5353	udp	dns	28.020550	821	0	S0	T	F	0	D	6	1109	0	0	-	08:00:27:b2:e4:c1	33:33:00:00:00:fb
1773156574.184874	CVgAtxTYLcEmyVJmj	::	135	ff02::1:ff1d:cd30	136	icmp	-	135.364831	96	0	OTH	T	F	0	-	4	288	0	0	-	08:00:27:b2:e4:c1	33:33:ff:1d:cd:30
1773156575.212162	CJxVAU1x69So9Ert97	fe80::48f5:1000:b11d:cd30	143	ff02::16	0	icmp	-	135.932036	320	0	OTH	T	F	0	-	8	768	0	0	-	08:00:27:b2:e4:c1	33:33:00:00:00:16
1773156575.271288	CWo2Li2uvCKKjIAtDc	fe80::48f5:1000:b11d:cd30	133	ff02::2	134	icmp	-	161.053363	0	0	OTH	T	F	0	-	16	768	0	0	-	08:00:27:b2:e4:c1	33:33:00:00:00:02
1773156517.120097	CRzU3m41ZeDo7ZT9z2	0.0.0.0	68	255.255.255.255	67	udp	dhcp	224.584124	13824	0	S0	T	T	0	D	48	15168	0	0	-	08:00:27:cf:7f:15	ff:ff:ff:ff:ff:ff
1773156517.142319	C3QMZ744PCwjEy7Wqk	::	143	ff02::16	0	icmp	-	237.138593	840	0	OTH	T	F	0	-	21	2016	0	0	-	08:00:27:cf:7f:15	33:33:00:00:00:16
1773157054.615555	CsrQexGEBLfq7X5Q5	fe80::48f5:1000:b11d:cd30	5353	ff02::fb	5353	udp	dns	14.003802	1462	0	S0	T	F	0	D	8	1846	0	0	-	08:00:27:b2:e4:c1	33:33:00:00:00:fb
1773157084.636942	CAuVHV2HSF8j3Sn0Dc	fe80::48f5:1000:b11d:cd30	5353	ff02::fb	5353	udp	dns	-	-	-	S0	T	F	0	D	1	93	0	0	-	08:00:27:b2:e4:c1	33:33:00:00:00:fb
1773157100.653385	CurqOy4IkkdJinxNQe	fe80::48f5:1000:b11d:cd30	5353	ff02::fb	5353	udp	dns	29.018311	1131	0	S0	T	F	0	D	7	1467	0	0	-	08:00:27:b2:e4:c1	33:33:00:00:00:fb
1773157145.685342	CJubijh4webl2zO17	fe80::48f5:1000:b11d:cd30	5353	ff02::fb	5353	udp	dns	28.970200	1131	0	S0	T	F	0	D	7	1467	0	0	-	08:00:27:b2:e4:c1	33:33:00:00:00:fb
1773156997.141938	CnrSQU1NH1r7WYrSL4	::	135	ff02::1:ff17:9f6e	136	icmp	-	135.342144	96	0	OTH	T	F	0	-	4	288	0	0	-	08:00:27:cf:7f:15	33:33:ff:17:9f:6e
1773156998.145770	CFE7bx4tKhMVzAN2Wk	fe80::1b7c:3140:8b17:9f6e	143	ff02::16	0	icmp	-	135.808173	160	0	OTH	T	F	0	-	8	608	0	0	-	08:00:27:cf:7f:15	33:33:00:00:00:16
1773156998.336453	C4bKUw4f0cVlNnUUD2	fe80::1b7c:3140:8b17:9f6e	133	ff02::2	134	icmp	-	161.501377	0	0	OTH	T	F	0	-	16	768	0	0	-	08:00:27:cf:7f:15	33:33:00:00:00:02
1773157191.620032	CZmfPhOl4xJ5h1aS1	fe80::48f5:1000:b11d:cd30	5353	ff02::fb	5353	udp	dns	28.027178	821	0	S0	T	F	0	D	6	1109	0	0	-	08:00:27:b2:e4:c1	33:33:00:00:00:fb
1773157053.542991	CttK8WT2RNvM09zK3	::	135	ff02::1:ff1d:cd30	136	icmp	-	136.000110	96	0	OTH	T	F	0	-	4	288	0	0	-	08:00:27:b2:e4:c1	33:33:ff:1d:cd:30
1773157054.567715	CLDRAT1InsvePFRAhl	fe80::48f5:1000:b11d:cd30	143	ff02::16	0	icmp	-	136.151612	320	0	OTH	T	F	0	-	8	768	0	0	-	08:00:27:b2:e4:c1	33:33:00:00:00:16
1773157054.743630	Ck9wDye71d5OjM29l	fe80::48f5:1000:b11d:cd30	133	ff02::2	134	icmp	-	165.534901	0	0	OTH	T	F	0	-	16	768	0	0	-	08:00:27:b2:e4:c1	33:33:00:00:00:02
1773156997.113473	CZC1xO1YiQyXkMnXoe	0.0.0.0	68	255.255.255.255	67	udp	dhcp	224.013672	13824	0	S0	T	T	0	D	48	15168	0	0	-	08:00:27:cf:7f:15	ff:ff:ff:ff:ff:ff
1773156997.138109	C7Qag03nCbWuwRKSRj	::	143	ff02::16	0	icmp	-	236.916697	800	0	OTH	T	F	0	-	21	1976	0	0	-	08:00:27:cf:7f:15	33:33:00:00:00:16
1773157535.610929	CEo9m92gw5YBPR2KP4	fe80::48f5:1000:b11d:cd30	5353	ff02::fb	5353	udp	dns	29.014152	1131	0	S0	T	F	0	D	7	1467	0	0	-	08:00:27:b2:e4:c1	33:33:00:00:00:fb
1773157581.571733	CQKN7l1wS5kldZVsH2	fe80::48f5:1000:b11d:cd30	5353	ff02::fb	5353	udp	dns	28.088061	821	0	S0	T	F	0	D	6	1109	0	0	-	08:00:27:b2:e4:c1	33:33:00:00:00:fb
1773157625.548782	C7JMBr3TGK5Va4t8Sj	fe80::48f5:1000:b11d:cd30	5353	ff02::fb	5353	udp	dns	29.113683	1131	0	S0	T	F	0	D	7	1467	0	0	-	08:00:27:b2:e4:c1	33:33:00:00:00:fb
1773157477.602410	Cx0crSAW1qu3BcPZ1	::	135	ff02::1:ff17:9f6e	136	icmp	-	135.587451	96	0	OTH	T	F	0	-	4	288	0	0	-	08:00:27:cf:7f:15	33:33:ff:17:9f:6e
1773157478.629894	CLpPDA1xZjE64RqwWh	fe80::1b7c:3140:8b17:9f6e	143	ff02::16	0	icmp	-	136.411856	160	0	OTH	T	F	0	-	8	608	0	0	-	08:00:27:cf:7f:15	33:33:00:00:00:16
1773157478.699613	CydYps3TPz06vCirNk	fe80::1b7c:3140:8b17:9f6e	133	ff02::2	134	icmp	-	164.579860	0	0	OTH	T	F	0	-	16	768	0	0	-	08:00:27:cf:7f:15	33:33:00:00:00:02
1773157670.343650	Co5Jql1idXrrcCgp06	fe80::48f5:1000:b11d:cd30	5353	ff02::fb	5353	udp	dns	29.321668	1131	0	S0	T	F	0	D	7	1467	0	0	-	08:00:27:b2:e4:c1	33:33:00:00:00:fb
1773157534.375302	Ctx9182Q7EoFGrXiO7	::	135	ff02::1:ff1d:cd30	136	icmp	-	134.558318	96	0	OTH	T	F	0	-	4	288	0	0	-	08:00:27:b2:e4:c1	33:33:ff:1d:cd:30
1773157535.398686	CbHrGr1UdiMdfo0KDh	fe80::48f5:1000:b11d:cd30	143	ff02::16	0	icmp	-	135.167386	320	0	OTH	T	F	0	-	8	768	0	0	-	08:00:27:b2:e4:c1	33:33:00:00:00:16
1773157535.637629	C0fV1x4RXkfAK5zJe1	fe80::48f5:1000:b11d:cd30	133	ff02::2	134	icmp	-	163.924703	0	0	OTH	T	F	0	-	16	768	0	0	-	08:00:27:b2:e4:c1	33:33:00:00:00:02
1773157477.109896	C0Mq3w1GYkZmwk65xg	0.0.0.0	68	255.255.255.255	67	udp	dhcp	225.808522	13824	0	S0	T	T	0	D	48	15168	0	0	-	08:00:27:cf:7f:15	ff:ff:ff:ff:ff:ff
1773157477.138050	Cpv9ki3Yi0rRIIY3ag	::	143	ff02::16	0	icmp	-	237.045187	720	0	OTH	T	F	0	-	20	1840	0	0	-	08:00:27:cf:7f:15	33:33:00:00:00:16
1773158015.423457	CSbllw1ayrgaaVBsXd	fe80::48f5:1000:b11d:cd30	5353	ff02::fb	5353	udp	dns	29.156100	1131	0	S0	T	F	0	D	7	1467	0	0	-	08:00:27:b2:e4:c1	33:33:00:00:00:fb
1773158060.094287	CSR2vy1AsV3zX10hwb	fe80::48f5:1000:b11d:cd30	5353	ff02::fb	5353	udp	dns	29.541008	1462	0	S0	T	F	0	D	8	1846	0	0	-	08:00:27:b2:e4:c1	33:33:00:00:00:fb
1773158104.922799	CW5Deh1a0R0NseGL4l	fe80::48f5:1000:b11d:cd30	5353	ff02::fb	5353	udp	dns	29.712949	1301	0	S0	T	F	0	D	8	1685	0	0	-	08:00:27:b2:e4:c1	33:33:00:00:00:fb
1773157957.729929	C1wuJF4ZtEPET6uEM4	::	135	ff02::1:ff17:9f6e	136	icmp	-	134.979370	96	0	OTH	T	F	0	-	4	288	0	0	-	08:00:27:cf:7f:15	33:33:ff:17:9f:6e
1773157958.754585	CdZJt818DwZnGxtWCh	fe80::1b7c:3140:8b17:9f6e	143	ff02::16	0	icmp	-	135.392333	160	0	OTH	T	F	0	-	8	608	0	0	-	08:00:27:cf:7f:15	33:33:00:00:00:16
1773158149.608348	C3DRtj4bvoR2O3OGUa	fe80::48f5:1000:b11d:cd30	5353	ff02::fb	5353	udp	dns	14.019525	1301	0	S0	T	F	0	D	8	1685	0	0	-	08:00:27:b2:e4:c1	33:33:00:00:00:fb
1773157958.773165	CftPMp2eVPyYqtJcA	fe80::1b7c:3140:8b17:9f6e	133	ff02::2	134	icmp	-	165.371367	0	0	OTH	T	F	0	-	16	768	0	0	-	08:00:27:cf:7f:15	33:33:00:00:00:02
1773158179.640766	CtFHbdIK9JydvXAP1	fe80::48f5:1000:b11d:cd30	5353	ff02::fb	5353	udp	dns	-	-	-	S0	T	F	0	D	1	93	0	0	-	08:00:27:b2:e4:c1	33:33:00:00:00:fb
1773158013.977833	CIg7P93aNjYRef8Jxf	::	135	ff02::1:ff1d:cd30	136	icmp	-	134.606846	96	0	OTH	T	F	0	-	4	288	0	0	-	08:00:27:b2:e4:c1	33:33:ff:1d:cd:30
1773158015.002009	CbJnRq1w7U3FLqxwT1	fe80::48f5:1000:b11d:cd30	143	ff02::16	0	icmp	-	135.618734	320	0	OTH	T	F	0	-	8	768	0	0	-	08:00:27:b2:e4:c1	33:33:00:00:00:16
1773158015.106729	CizhCw112bYs6WesQ7	fe80::48f5:1000:b11d:cd30	133	ff02::2	134	icmp	-	161.500399	0	0	OTH	T	F	0	-	16	768	0	0	-	08:00:27:b2:e4:c1	33:33:00:00:00:02
1773157957.108735	Cpbl3o2pgGlv01Bqmk	0.0.0.0	68	255.255.255.255	67	udp	dhcp	224.048530	13824	0	S0	T	T	0	D	48	15168	0	0	-	08:00:27:cf:7f:15	ff:ff:ff:ff:ff:ff
1773157957.129730	CnFWjP2uMkzmXIGr04	::	143	ff02::16	0	icmp	-	236.888282	800	0	OTH	T	F	0	-	21	1976	0	0	-	08:00:27:cf:7f:15	33:33:00:00:00:16
#close	2026-03-10-16-00-00
#separator \x09
#set_separator	,
#empty_field	(empty)
#unset_field	-
#path	conn
#open	2026-03-10-16-02-16
#fields	ts	uid	id.orig_h	id.orig_p	id.resp_h	id.resp_p	proto	service	duration	orig_bytes	resp_bytes	conn_state	local_orig	local_resp	missed_bytes	history	orig_pkts	orig_ip_bytes	resp_pkts	resp_ip_bytes	tunnel_parents	orig_l2_addr	resp_l2_addr
#types	time	string	addr	port	addr	port	enum	string	interval	count	count	string	bool	bool	count	string	count	count	count	count	set[string]	string	string
1773158495.733470	C4ljfL3waaEaERZhqc	fe80::48f5:1000:b11d:cd30	5353	ff02::fb	5353	udp	dns	28.883688	1131	0	S0	T	F	0	D	7	1467	0	0	-	08:00:27:b2:e4:c1	33:33:00:00:00:fb
1773158540.710690	CP08Xe52Lv6Uiwtai	fe80::48f5:1000:b11d:cd30	5353	ff02::fb	5353	udp	dns	28.926160	1131	0	S0	T	F	0	D	7	1467	0	0	-	08:00:27:b2:e4:c1	33:33:00:00:00:fb
1773158585.751514	CDiprt2Aa13cQ9gSPg	fe80::48f5:1000:b11d:cd30	5353	ff02::fb	5353	udp	dns	28.873423	1131	0	S0	T	F	0	D	7	1467	0	0	-	08:00:27:b2:e4:c1	33:33:00:00:00:fb
1773158437.954176	CeO4yXVuu4RZOM7Aa	::	135	ff02::1:ff17:9f6e	136	icmp	-	134.721714	96	0	OTH	T	F	0	-	4	288	0	0	-	08:00:27:cf:7f:15	33:33:ff:17:9f:6e
1773158438.978473	CChil92FAK2DU89S93	fe80::1b7c:3140:8b17:9f6e	143	ff02::16	0	icmp	-	135.555753	160	0	OTH	T	F	0	-	8	608	0	0	-	08:00:27:cf:7f:15	33:33:00:00:00:16
1773158439.075198	Ci0AXU2x7JfTbGdrPd	fe80::1b7c:3140:8b17:9f6e	133	ff02::2	134	icmp	-	163.464691	0	0	OTH	T	F	0	-	16	768	0	0	-	08:00:27:cf:7f:15	33:33:00:00:00:02
1773158630.575868	CtFdOm2EyJohWSQjM5	fe80::48f5:1000:b11d:cd30	5353	ff02::fb	5353	udp	dns	29.068426	1131	0	S0	T	F	0	D	7	1467	0	0	-	08:00:27:b2:e4:c1	33:33:00:00:00:fb
1773158494.307072	CUbCdj3w1sQpswwlkj	::	135	ff02::1:ff1d:cd30	136	icmp	-	134.817338	96	0	OTH	T	F	0	-	4	288	0	0	-	08:00:27:b2:e4:c1	33:33:ff:1d:cd:30
1773158495.329402	CmdSHT3buZRlfH1Qn3	fe80::48f5:1000:b11d:cd30	143	ff02::16	0	icmp	-	135.583018	320	0	OTH	T	F	0	-	8	768	0	0	-	08:00:27:b2:e4:c1	33:33:00:00:00:16
1773158495.558317	CW3Wnr1BUJX1pTkwG8	fe80::48f5:1000:b11d:cd30	133	ff02::2	134	icmp	-	161.631591	0	0	OTH	T	F	0	-	16	768	0	0	-	08:00:27:b2:e4:c1	33:33:00:00:00:02
1773158437.090528	C19Jlf47qqZQ2UY7t	0.0.0.0	68	255.255.255.255	67	udp	dhcp	225.355025	13824	0	S0	T	T	0	D	48	15168	0	0	-	08:00:27:cf:7f:15	ff:ff:ff:ff:ff:ff
1773158437.117943	Cu66WsoO17PXoFhgg	::	143	ff02::16	0	icmp	-	237.379580	760	0	OTH	T	F	0	-	20	1880	0	0	-	08:00:27:cf:7f:15	33:33:00:00:00:16
1773158975.332731	Co59yh3rnA4ZHYWSMj	fe80::48f5:1000:b11d:cd30	5353	ff02::fb	5353	udp	dns	29.293731	1131	0	S0	T	F	0	D	7	1467	0	0	-	08:00:27:b2:e4:c1	33:33:00:00:00:fb
1773159020.513043	CIpUja2GMiVQiMVqe1	fe80::48f5:1000:b11d:cd30	5353	ff02::fb	5353	udp	dns	29.134416	1131	0	S0	T	F	0	D	7	1467	0	0	-	08:00:27:b2:e4:c1	33:33:00:00:00:fb
1773159065.737198	CUdJIl3YPlimoN4qka	fe80::48f5:1000:b11d:cd30	5353	ff02::fb	5353	udp	dns	28.891690	1131	0	S0	T	F	0	D	7	1467	0	0	-	08:00:27:b2:e4:c1	33:33:00:00:00:fb
1773158917.825784	CZNLN61YINnoiy1Mee	::	135	ff02::1:ff17:9f6e	136	icmp	-	136.064045	96	0	OTH	T	F	0	-	4	288	0	0	-	08:00:27:cf:7f:15	33:33:ff:17:9f:6e
1773158918.849939	CJ7coE2uYT2nBO9bO5	fe80::1b7c:3140:8b17:9f6e	143	ff02::16	0	icmp	-	136.417167	160	0	OTH	T	F	0	-	8	608	0	0	-	08:00:27:cf:7f:15	33:33:00:00:00:16
1773158918.918124	CrZHvqIvPrZSZ3tU1	fe80::1b7c:3140:8b17:9f6e	133	ff02::2	134	icmp	-	163.466776	0	0	OTH	T	F	0	-	16	768	0	0	-	08:00:27:cf:7f:15	33:33:00:00:00:02
1773159110.715687	CWhbT747uaxFfJ0e02	fe80::48f5:1000:b11d:cd30	5353	ff02::fb	5353	udp	dns	28.921284	1131	0	S0	T	F	0	D	7	1467	0	0	-	08:00:27:b2:e4:c1	33:33:00:00:00:fb
1773158973.951325	C5LthqP9I4ji0drVc	::	135	ff02::1:ff1d:cd30	136	icmp	-	135.135956	96	0	OTH	T	F	0	-	4	288	0	0	-	08:00:27:b2:e4:c1	33:33:ff:1d:cd:30
1773158974.975535	CX4FaZ35gj9RfZfNFe	fe80::48f5:1000:b11d:cd30	143	ff02::16	0	icmp	-	135.780457	320	0	OTH	T	F	0	-	8	768	0	0	-	08:00:27:b2:e4:c1	33:33:00:00:00:16
1773158975.096351	CEj2Rx3pi1kRq9zmmc	fe80::48f5:1000:b11d:cd30	133	ff02::2	134	icmp	-	163.879236	0	0	OTH	T	F	0	-	16	768	0	0	-	08:00:27:b2:e4:c1	33:33:00:00:00:02
1773158917.167041	C9qJta8tUmhhoPcfb	0.0.0.0	68	255.255.255.255	67	udp	dhcp	225.157267	13824	0	S0	T	T	0	D	48	15168	0	0	-	08:00:27:cf:7f:15	ff:ff:ff:ff:ff:ff
1773158917.207350	CqIWJl2nRLFulDkIG7	::	143	ff02::16	0	icmp	-	236.871657	800	0	OTH	T	F	0	-	21	1976	0	0	-	08:00:27:cf:7f:15	33:33:00:00:00:16
1773159454.839221	CaOeaw23o22sGAkMPf	fe80::48f5:1000:b11d:cd30	5353	ff02::fb	5353	udp	dns	29.764607	1301	0	S0	T	F	0	D	8	1685	0	0	-	08:00:27:b2:e4:c1	33:33:00:00:00:fb
1773159500.324348	CzfFfp4zxKeFjxSB8f	fe80::48f5:1000:b11d:cd30	5353	ff02::fb	5353	udp	dns	29.357613	1131	0	S0	T	F	0	D	7	1467	0	0	-	08:00:27:b2:e4:c1	33:33:00:00:00:fb
1773159545.287498	CwBIyQ3ydgx5eKbwwf	fe80::48f5:1000:b11d:cd30	5353	ff02::fb	5353	udp	dns	29.371279	1131	0	S0	T	F	0	D	7	1467	0	0	-	08:00:27:b2:e4:c1	33:33:00:00:00:fb
1773159398.186908	C2heUFgBpXeRtghlf	::	135	ff02::1:ff17:9f6e	136	icmp	-	135.172002	96	0	OTH	T	F	0	-	4	288	0	0	-	08:00:27:cf:7f:15	33:33:ff:17:9f:6e
1773159399.202243	CwfZ3wQVLxxPPbL35	fe80::1b7c:3140:8b17:9f6e	143	ff02::16	0	icmp	-	135.910255	160	0	OTH	T	F	0	-	8	608	0	0	-	08:00:27:cf:7f:15	33:33:00:00:00:16
1773159399.261950	CHOLIq4p2UQANbJWnf	fe80::1b7c:3140:8b17:9f6e	133	ff02::2	134	icmp	-	163.704678	0	0	OTH	T	F	0	-	16	768	0	0	-	08:00:27:cf:7f:15	33:33:00:00:00:02
1773159590.076598	C35xhV3UaQPKep5Fl8	fe80::48f5:1000:b11d:cd30	5353	ff02::fb	5353	udp	dns	29.568930	1462	0	S0	T	F	0	D	8	1846	0	0	-	08:00:27:b2:e4:c1	33:33:00:00:00:fb
1773159453.590486	CYGTzQqdkwkP86NSb	::	135	ff02::1:ff1d:cd30	136	icmp	-	135.080797	96	0	OTH	T	F	0	-	4	288	0	0	-	08:00:27:b2:e4:c1	33:33:ff:1d:cd:30
1773159454.622796	Cbxe1936Js78w8WcT	fe80::48f5:1000:b11d:cd30	143	ff02::16	0	icmp	-	135.937711	320	0	OTH	T	F	0	-	8	768	0	0	-	08:00:27:b2:e4:c1	33:33:00:00:00:16
1773159454.659925	CHEpKm4CnXhvv7Lzvl	fe80::48f5:1000:b11d:cd30	133	ff02::2	134	icmp	-	164.009290	0	0	OTH	T	F	0	-	16	768	0	0	-	08:00:27:b2:e4:c1	33:33:00:00:00:02
1773159398.139651	C4Gn5r3z8gIdBhzn4d	0.0.0.0	68	255.255.255.255	67	udp	dhcp	224.689295	13824	0	S0	T	T	0	D	48	15168	0	0	-	08:00:27:cf:7f:15	ff:ff:ff:ff:ff:ff
1773159398.162187	Cutywe2FLoO8SM61Ud	::	143	ff02::16	0	icmp	-	235.578034	800	0	OTH	T	F	0	-	21	1976	0	0	-	08:00:27:cf:7f:15	33:33:00:00:00:16
1773159935.072198	CdPC5v1GVgenVK2ja	fe80::48f5:1000:b11d:cd30	5353	ff02::fb	5353	udp	dns	29.547975	1462	0	S0	T	F	0	D	8	1846	0	0	-	08:00:27:b2:e4:c1	33:33:00:00:00:fb
1773159981.613889	Ce2lfU1rcKTkABZG6k	fe80::48f5:1000:b11d:cd30	5353	ff02::fb	5353	udp	dns	28.017056	821	0	S0	T	F	0	D	6	1109	0	0	-	08:00:27:b2:e4:c1	33:33:00:00:00:fb
1773160025.684975	C1QYQr188yPTnL1Qz4	fe80::48f5:1000:b11d:cd30	5353	ff02::fb	5353	udp	dns	28.980081	1131	0	S0	T	F	0	D	7	1467	0	0	-	08:00:27:b2:e4:c1	33:33:00:00:00:fb
1773159879.011256	CRQOky1EiiIgE2lvsd	::	135	ff02::1:ff17:9f6e	136	icmp	-	134.718667	96	0	OTH	T	F	0	-	4	288	0	0	-	08:00:27:cf:7f:15	33:33:ff:17:9f:6e
1773159880.035186	CWaeph3s04b3obAZol	fe80::1b7c:3140:8b17:9f6e	143	ff02::16	0	icmp	-	134.770532	160	0	OTH	T	F	0	-	8	608	0	0	-	08:00:27:cf:7f:15	33:33:00:00:00:16
1773159880.259230	C96lBVQyldVPDPg7k	fe80::1b7c:3140:8b17:9f6e	133	ff02::2	134	icmp	-	159.752919	0	0	OTH	T	F	0	-	16	768	0	0	-	08:00:27:cf:7f:15	33:33:00:00:00:02
1773160070.432886	Ch5h8c1e28BNXf25df	fe80::48f5:1000:b11d:cd30	5353	ff02::fb	5353	udp	dns	29.195140	1131	0	S0	T	F	0	D	7	1467	0	0	-	08:00:27:b2:e4:c1	33:33:00:00:00:fb
1773159933.852342	CZN5UW290MjNtMP13g	::	135	ff02::1:ff1d:cd30	136	icmp	-	135.392656	96	0	OTH	T	F	0	-	4	288	0	0	-	08:00:27:b2:e4:c1	33:33:ff:1d:cd:30
1773159934.877047	Conb3sh3E1s61xPf2	fe80::48f5:1000:b11d:cd30	143	ff02::16	0	icmp	-	136.191205	320	0	OTH	T	F	0	-	8	768	0	0	-	08:00:27:b2:e4:c1	33:33:00:00:00:16
1773159935.052472	CL7AfhAvvFBgJgTmc	fe80::48f5:1000:b11d:cd30	133	ff02::2	134	icmp	-	165.551314	0	0	OTH	T	F	0	-	16	768	0	0	-	08:00:27:b2:e4:c1	33:33:00:00:00:02
1773159878.111866	CDlnTX3ExfD58qpei2	0.0.0.0	68	255.255.255.255	67	udp	dhcp	225.206804	13824	0	S0	T	T	0	D	48	15168	0	0	-	08:00:27:cf:7f:15	ff:ff:ff:ff:ff:ff
1773159878.142635	C3MTNWcE3R9QCtLF5	::	143	ff02::16	0	icmp	-	235.805916	760	0	OTH	T	F	0	-	20	1880	0	0	-	08:00:27:cf:7f:15	33:33:00:00:00:16
1773160414.591774	CYxNhr3i9xh1mvFbPh	fe80::48f5:1000:b11d:cd30	5353	ff02::fb	5353	udp	dns	14.009457	1301	0	S0	T	F	0	D	8	1685	0	0	-	08:00:27:b2:e4:c1	33:33:00:00:00:fb
1773160444.616649	ClIRWyYiHsrOIsLia	fe80::48f5:1000:b11d:cd30	5353	ff02::fb	5353	udp	dns	-	-	-	S0	T	F	0	D	1	93	0	0	-	08:00:27:b2:e4:c1	33:33:00:00:00:fb
1773160460.454408	CcXgEY1Wan42YaP2A5	fe80::48f5:1000:b11d:cd30	5353	ff02::fb	5353	udp	dns	29.169426	1131	0	S0	T	F	0	D	7	1467	0	0	-	08:00:27:b2:e4:c1	33:33:00:00:00:fb
1773160505.471294	CXwgh34w4TkKwmHJCk	fe80::48f5:1000:b11d:cd30	5353	ff02::fb	5353	udp	dns	29.152548	1131	0	S0	T	F	0	D	7	1467	0	0	-	08:00:27:b2:e4:c1	33:33:00:00:00:fb
1773160359.143378	CVvr5c2u0iy7PanY61	::	135	ff02::1:ff17:9f6e	136	icmp	-	134.846312	96	0	OTH	T	F	0	-	4	288	0	0	-	08:00:27:cf:7f:15	33:33:ff:17:9f:6e
1773160360.162038	CvPLY7fCqPCOi8Jd8	fe80::1b7c:3140:8b17:9f6e	143	ff02::16	0	icmp	-	135.075959	160	0	OTH	T	F	0	-	8	608	0	0	-	08:00:27:cf:7f:15	33:33:00:00:00:16
1773160360.393335	CnhGMb29cxfSnmVrAc	fe80::1b7c:3140:8b17:9f6e	133	ff02::2	134	icmp	-	161.094161	0	0	OTH	T	F	0	-	16	768	0	0	-	08:00:27:cf:7f:15	33:33:00:00:00:02
1773160550.279544	CsOrEc2uWaWQD1wrV4	fe80::48f5:1000:b11d:cd30	5353	ff02::fb	5353	udp	dns	29.359069	1131	0	S0	T	F	0	D	7	1467	0	0	-	08:00:27:b2:e4:c1	33:33:00:00:00:fb
1773160413.491838	CQrFrs1cMYG66AGU1l	::	135	ff02::1:ff1d:cd30	136	icmp	-	135.654631	96	0	OTH	T	F	0	-	4	288	0	0	-	08:00:27:b2:e4:c1	33:33:ff:1d:cd:30
1773160414.523564	Co6HSv4vpADLNiXMKj	fe80::48f5:1000:b11d:cd30	143	ff02::16	0	icmp	-	135.766728	320	0	OTH	T	F	0	-	8	768	0	0	-	08:00:27:b2:e4:c1	33:33:00:00:00:16
1773160414.547138	ClWZhYGrPh2Qa6BF8	fe80::48f5:1000:b11d:cd30	133	ff02::2	134	icmp	-	166.224176	0	0	OTH	T	F	0	-	16	768	0	0	-	08:00:27:b2:e4:c1	33:33:00:00:00:02
1773160358.181058	C5y4Gg1PPaS0sdeP02	0.0.0.0	68	255.255.255.255	67	udp	dhcp	224.398837	13824	0	S0	T	T	0	D	48	15168	0	0	-	08:00:27:cf:7f:15	ff:ff:ff:ff:ff:ff
1773160358.222503	Ct0vHc1KyPAvncf3F7	::	143	ff02::16	0	icmp	-	236.268767	640	0	OTH	T	F	0	-	19	1704	0	0	-	08:00:27:cf:7f:15	33:33:00:00:00:16
1773160841.597013	CIZTrQ2pajSrOwFLc6	fe80::1b7c:3140:8b17:9f6e	57551	ff02::c	3702	udp	-	5.418977	6416	0	S0	T	F	0	D	8	6800	0	0	-	08:00:27:cf:7f:15	33:33:00:00:00:0c
1773160895.575270	CQO97h1Zx5NDEa6uWb	fe80::48f5:1000:b11d:cd30	5353	ff02::fb	5353	udp	dns	29.037903	1131	0	S0	T	F	0	D	7	1467	0	0	-	08:00:27:b2:e4:c1	33:33:00:00:00:fb
1773160884.430229	CrhkgA2ocHX4SRtsuc	fe80::1b7c:3140:8b17:9f6e	59558	ff02::c	3702	udp	-	7.673013	6416	0	S0	T	F	0	D	8	6800	0	0	-	08:00:27:cf:7f:15	33:33:00:00:00:0c
1773160940.421318	CeDZwX3soh3vDJvOb	fe80::48f5:1000:b11d:cd30	5353	ff02::fb	5353	udp	dns	29.199437	1131	0	S0	T	F	0	D	7	1467	0	0	-	08:00:27:b2:e4:c1	33:33:00:00:00:fb
1773160929.221992	Cp9PKw2dZlt1SjeHtl	fe80::1b7c:3140:8b17:9f6e	42284	ff02::c	3702	udp	-	6.703855	6416	0	S0	T	F	0	D	8	6800	0	0	-	08:00:27:cf:7f:15	33:33:00:00:00:0c
1773160985.612091	CJAz8DB7btBnWkjhb	fe80::48f5:1000:b11d:cd30	5353	ff02::fb	5353	udp	dns	29.024646	1131	0	S0	T	F	0	D	7	1467	0	0	-	08:00:27:b2:e4:c1	33:33:00:00:00:fb
1773160838.566816	CgV81Z3CKyPjLCiDUd	::	135	ff02::1:ff17:9f6e	136	icmp	-	135.450951	96	0	OTH	T	F	0	-	4	288	0	0	-	08:00:27:cf:7f:15	33:33:ff:17:9f:6e
1773160839.588555	C6kDoM2YX9IGnEjWX3	fe80::1b7c:3140:8b17:9f6e	143	ff02::16	0	icmp	-	136.093118	420	0	OTH	T	F	0	-	16	1316	0	0	-	08:00:27:cf:7f:15	33:33:00:00:00:16
1773160976.063832	CI6BA13Xejz16DNHa3	fe80::1b7c:3140:8b17:9f6e	58226	ff02::c	3702	udp	-	5.717699	6416	0	S0	T	F	0	D	8	6800	0	0	-	08:00:27:cf:7f:15	33:33:00:00:00:0c
1773161029.604733	CbU2lu11jh4gVtvEN8	fe80::48f5:1000:b11d:cd30	5353	ff02::fb	5353	udp	dns	14.009437	1301	0	S0	T	F	0	D	8	1685	0	0	-	08:00:27:b2:e4:c1	33:33:00:00:00:fb
1773160839.647212	CeRoMx2HPmBYfwau02	fe80::1b7c:3140:8b17:9f6e	133	ff02::2	134	icmp	-	165.985813	0	0	OTH	T	F	0	-	16	768	0	0	-	08:00:27:cf:7f:15	33:33:00:00:00:02
1773161059.628700	C6ylHh3qCz5XvQwyf8	fe80::48f5:1000:b11d:cd30	5353	ff02::fb	5353	udp	dns	-	-	-	S0	T	F	0	D	1	93	0	0	-	08:00:27:b2:e4:c1	33:33:00:00:00:fb
1773160894.365578	C61c6jJtya5kJJqpk	::	135	ff02::1:ff1d:cd30	136	icmp	-	134.159219	96	0	OTH	T	F	0	-	4	288	0	0	-	08:00:27:b2:e4:c1	33:33:ff:1d:cd:30
1773160895.385328	CWwztw2CUanM1KScL4	fe80::48f5:1000:b11d:cd30	143	ff02::16	0	icmp	-	134.435287	320	0	OTH	T	F	0	-	8	768	0	0	-	08:00:27:b2:e4:c1	33:33:00:00:00:16
1773160895.441400	Crb0un47pLulw3Pq8a	fe80::48f5:1000:b11d:cd30	133	ff02::2	134	icmp	-	159.547334	0	0	OTH	T	F	0	-	16	768	0	0	-	08:00:27:b2:e4:c1	33:33:00:00:00:02
1773160838.144989	Crkxz33sXj2n6gloT4	0.0.0.0	68	255.255.255.255	67	udp	dhcp	224.190143	13824	0	S0	T	T	0	D	48	15168	0	0	-	08:00:27:cf:7f:15	ff:ff:ff:ff:ff:ff
1773160838.165675	C3GzCQ1oompxqzlxU8	::	143	ff02::16	0	icmp	-	235.502759	1020	0	OTH	T	F	0	-	22	2252	0	0	-	08:00:27:cf:7f:15	33:33:00:00:00:16
1773161320.205304	Cs7iur3L3AKUkBuThe	fe80::1b7c:3140:8b17:9f6e	49892	ff02::c	3702	udp	-	5.934915	6416	0	S0	T	F	0	D	8	6800	0	0	-	08:00:27:cf:7f:15	33:33:00:00:00:0c
1773161375.403969	CwO24tDRsDa9RoHGc	fe80::48f5:1000:b11d:cd30	5353	ff02::fb	5353	udp	dns	29.206341	1131	0	S0	T	F	0	D	7	1467	0	0	-	08:00:27:b2:e4:c1	33:33:00:00:00:fb
1773161365.392984	Csupc81y90DxzQikM4	fe80::1b7c:3140:8b17:9f6e	58938	ff02::c	3702	udp	-	6.495425	6416	0	S0	T	F	0	D	8	6800	0	0	-	08:00:27:cf:7f:15	33:33:00:00:00:0c
1773161420.082701	C7zAVNU65Nrxwv8Rb	fe80::48f5:1000:b11d:cd30	5353	ff02::fb	5353	udp	dns	29.573446	1462	0	S0	T	F	0	D	8	1846	0	0	-	08:00:27:b2:e4:c1	33:33:00:00:00:fb
1773161410.865845	CQWJr93Nnd635Wp8vi	fe80::1b7c:3140:8b17:9f6e	50636	ff02::c	3702	udp	-	5.817629	6416	0	S0	T	F	0	D	8	6800	0	0	-	08:00:27:cf:7f:15	33:33:00:00:00:0c
1773161465.347941	Cw8CpS12hd7a8hUsyc	fe80::48f5:1000:b11d:cd30	5353	ff02::fb	5353	udp	dns	29.273937	1131	0	S0	T	F	0	D	7	1467	0	0	-	08:00:27:b2:e4:c1	33:33:00:00:00:fb
1773161318.174069	C2M9kM1fRh7S6oiP3b	::	135	ff02::1:ff17:9f6e	136	icmp	-	135.395779	96	0	OTH	T	F	0	-	4	288	0	0	-	08:00:27:cf:7f:15	33:33:ff:17:9f:6e
1773161319.201928	CB7wJF2fn8ZofpeET	fe80::1b7c:3140:8b17:9f6e	143	ff02::16	0	icmp	-	136.032465	420	0	OTH	T	F	0	-	16	1316	0	0	-	08:00:27:cf:7f:15	33:33:00:00:00:16
1773161454.609144	CKlMKifH61q7Gzt11	fe80::1b7c:3140:8b17:9f6e	60880	ff02::c	3702	udp	-	7.468056	6416	0	S0	T	F	0	D	8	6800	0	0	-	08:00:27:cf:7f:15	33:33:00:00:00:0c
1773161319.302602	C22v794IMruml8Cawh	fe80::1b7c:3140:8b17:9f6e	133	ff02::2	134	icmp	-	162.386031	0	0	OTH	T	F	0	-	16	768	0	0	-	08:00:27:cf:7f:15	33:33:00:00:00:02
1773161510.451502	CSMXUY3ZEeOC71SqVd	fe80::48f5:1000:b11d:cd30	5353	ff02::fb	5353	udp	dns	29.170026	1131	0	S0	T	F	0	D	7	1467	0	0	-	08:00:27:b2:e4:c1	33:33:00:00:00:fb
1773161373.944271	CB72cq103MTYxwPSs8	::	135	ff02::1:ff1d:cd30	136	icmp	-	135.327268	96	0	OTH	T	F	0	-	4	288	0	0	-	08:00:27:b2:e4:c1	33:33:ff:1d:cd:30
1773161374.967674	Cs3eUy2F70yBMr6a12	fe80::48f5:1000:b11d:cd30	143	ff02::16	0	icmp	-	135.679397	320	0	OTH	T	F	0	-	8	768	0	0	-	08:00:27:b2:e4:c1	33:33:00:00:00:16
1773161375.034743	CJf3qe32BIod8zvWn8	fe80::48f5:1000:b11d:cd30	133	ff02::2	134	icmp	-	164.620316	0	0	OTH	T	F	0	-	16	768	0	0	-	08:00:27:b2:e4:c1	33:33:00:00:00:02
1773161318.090512	C6BcUA3Un93xexfLP3	0.0.0.0	68	255.255.255.255	67	udp	dhcp	224.781044	13824	0	S0	T	T	0	D	48	15168	0	0	-	08:00:27:cf:7f:15	ff:ff:ff:ff:ff:ff
1773161318.110338	CLSLC12Nr2lA0sCUbi	::	143	ff02::16	0	icmp	-	235.928633	860	0	OTH	T	F	0	-	20	1980	0	0	-	08:00:27:cf:7f:15	33:33:00:00:00:16
1773161800.400365	CrkHpag8R1DgaVos1	fe80::1b7c:3140:8b17:9f6e	52338	ff02::c	3702	udp	-	6.638132	6416	0	S0	T	F	0	D	8	6800	0	0	-	08:00:27:cf:7f:15	33:33:00:00:00:0c
1773161854.808085	C7LwGk2qor5EOuz1A7	fe80::48f5:1000:b11d:cd30	5353	ff02::fb	5353	udp	dns	29.789591	1301	0	S0	T	F	0	D	8	1685	0	0	-	08:00:27:b2:e4:c1	33:33:00:00:00:fb
1773161845.124344	CSXZR74RA0aKgUxxMb	fe80::1b7c:3140:8b17:9f6e	37409	ff02::c	3702	udp	-	7.006621	6416	0	S0	T	F	0	D	8	6800	0	0	-	08:00:27:cf:7f:15	33:33:00:00:00:0c
1773161902.137635	C2UB8t4jtyhPe1og28	fe80::48f5:1000:b11d:cd30	5353	ff02::fb	5353	udp	dns	28.025220	821	0	S0	T	F	0	D	6	1109	0	0	-	08:00:27:b2:e4:c1	33:33:00:00:00:fb
1773161892.216394	CMdZLE32aJ8kaSxFhf	fe80::1b7c:3140:8b17:9f6e	36590	ff02::c	3702	udp	-	4.803692	6416	0	S0	T	F	0	D	8	6800	0	0	-	08:00:27:cf:7f:15	33:33:00:00:00:0c
1773161946.618294	CdbeaL3i9JFL24B7N9	fe80::48f5:1000:b11d:cd30	5353	ff02::fb	5353	udp	dns	29.017941	1131	0	S0	T	F	0	D	7	1467	0	0	-	08:00:27:b2:e4:c1	33:33:00:00:00:fb
1773161798.375215	CR5g0t4q31DyUnk73j	::	135	ff02::1:ff17:9f6e	136	icmp	-	134.838645	96	0	OTH	T	F	0	-	4	288	0	0	-	08:00:27:cf:7f:15	33:33:ff:17:9f:6e
1773161799.399441	CTb2yw32ZAtyFUvQUc	fe80::1b7c:3140:8b17:9f6e	143	ff02::16	0	icmp	-	135.418298	420	0	OTH	T	F	0	-	16	1316	0	0	-	08:00:27:cf:7f:15	33:33:00:00:00:16
#close	2026-03-10-17-00-00
#separator \x09
#set_separator	,
#empty_field	(empty)
#unset_field	-
#path	conn
#open	2026-03-10-17-00-00
#fields	ts	uid	id.orig_h	id.orig_p	id.resp_h	id.resp_p	proto	service	duration	orig_bytes	resp_bytes	conn_state	local_orig	local_resp	missed_bytes	history	orig_pkts	orig_ip_bytes	resp_pkts	resp_ip_bytes	tunnel_parents	orig_l2_addr	resp_l2_addr
#types	time	string	addr	port	addr	port	enum	string	interval	count	count	string	bool	bool	count	string	count	count	count	count	set[string]	string	string
1773161934.243721	Cbpxg22zEO68tzsIa7	fe80::1b7c:3140:8b17:9f6e	52989	ff02::c	3702	udp	-	6.569171	6416	0	S0	T	F	0	D	8	6800	0	0	-	08:00:27:cf:7f:15	33:33:00:00:00:0c
1773161990.551784	CcFlka2e8A29kUGmad	fe80::48f5:1000:b11d:cd30	5353	ff02::fb	5353	udp	dns	14.051942	1301	0	S0	T	F	0	D	8	1685	0	0	-	08:00:27:b2:e4:c1	33:33:00:00:00:fb
1773161799.457419	C3Cp6826CA4QKYQIAc	fe80::1b7c:3140:8b17:9f6e	133	ff02::2	134	icmp	-	161.710725	0	0	OTH	T	F	0	-	16	768	0	0	-	08:00:27:cf:7f:15	33:33:00:00:00:02
1773162020.622686	C33aUqhHFSCw8lUg	fe80::48f5:1000:b11d:cd30	5353	ff02::fb	5353	udp	dns	-	-	-	S0	T	F	0	D	1	93	0	0	-	08:00:27:b2:e4:c1	33:33:00:00:00:fb
1773161853.594720	CiNGnVNO7zF82tno9	::	135	ff02::1:ff1d:cd30	136	icmp	-	135.938999	96	0	OTH	T	F	0	-	4	288	0	0	-	08:00:27:b2:e4:c1	33:33:ff:1d:cd:30
1773161854.614705	CIrT02BaUpjv61ZXe	fe80::48f5:1000:b11d:cd30	143	ff02::16	0	icmp	-	135.974840	320	0	OTH	T	F	0	-	8	768	0	0	-	08:00:27:b2:e4:c1	33:33:00:00:00:16
1773161854.814972	Cy9oiG4BRajWYoGBLc	fe80::48f5:1000:b11d:cd30	133	ff02::2	134	icmp	-	163.427869	0	0	OTH	T	F	0	-	16	768	0	0	-	08:00:27:b2:e4:c1	33:33:00:00:00:02
1773161798.123155	CvIzUS23Dq4Q3RsAZk	0.0.0.0	68	255.255.255.255	67	udp	dhcp	225.426368	13824	0	S0	T	T	0	D	48	15168	0	0	-	08:00:27:cf:7f:15	ff:ff:ff:ff:ff:ff
1773161798.145798	CB3oZB4AhxAfQtb0V4	::	143	ff02::16	0	icmp	-	236.883688	960	0	OTH	T	F	0	-	21	2136	0	0	-	08:00:27:cf:7f:15	33:33:00:00:00:16
1773162281.908777	CHxWW8158ihtgw9mzh	fe80::1b7c:3140:8b17:9f6e	48755	ff02::c	3702	udp	-	5.211025	6416	0	S0	T	F	0	D	8	6800	0	0	-	08:00:27:cf:7f:15	33:33:00:00:00:0c
1773162335.888212	CMC0oi1uev5eCafBz1	fe80::48f5:1000:b11d:cd30	5353	ff02::fb	5353	udp	dns	29.731985	1301	0	S0	T	F	0	D	8	1685	0	0	-	08:00:27:b2:e4:c1	33:33:00:00:00:fb
1773162327.840805	CfuR7v3ACEHpqfgZ3f	fe80::1b7c:3140:8b17:9f6e	45103	ff02::c	3702	udp	-	3.952283	6416	0	S0	T	F	0	D	8	6800	0	0	-	08:00:27:cf:7f:15	33:33:00:00:00:0c
1773162382.538059	C1FZBJ3ssG5iCvc4rj	fe80::48f5:1000:b11d:cd30	5353	ff02::fb	5353	udp	dns	28.087370	821	0	S0	T	F	0	D	6	1109	0	0	-	08:00:27:b2:e4:c1	33:33:00:00:00:fb
1773162370.083558	CnNSRA3ynHVDbEA1S8	fe80::1b7c:3140:8b17:9f6e	49623	ff02::c	3702	udp	-	7.121478	6416	0	S0	T	F	0	D	8	6800	0	0	-	08:00:27:cf:7f:15	33:33:00:00:00:0c
1773162426.118585	Cu4KYSO2jRTTc86ba	fe80::48f5:1000:b11d:cd30	5353	ff02::fb	5353	udp	dns	29.520657	1462	0	S0	T	F	0	D	8	1846	0	0	-	08:00:27:b2:e4:c1	33:33:00:00:00:fb
1773162278.881739	CoTxH7lNL3Rs9fzdc	::	135	ff02::1:ff17:9f6e	136	icmp	-	135.296121	96	0	OTH	T	F	0	-	4	288	0	0	-	08:00:27:cf:7f:15	33:33:ff:17:9f:6e
1773162279.906539	CcfSt32WJXCh4kyTea	fe80::1b7c:3140:8b17:9f6e	143	ff02::16	0	icmp	-	135.999325	420	0	OTH	T	F	0	-	16	1316	0	0	-	08:00:27:cf:7f:15	33:33:00:00:00:16
1773162417.217071	C6oxT5SRYzijdLDc	fe80::1b7c:3140:8b17:9f6e	38933	ff02::c	3702	udp	-	4.880091	6416	0	S0	T	F	0	D	8	6800	0	0	-	08:00:27:cf:7f:15	33:33:00:00:00:0c
1773162279.981554	CBQGUN2ifPVjESQOMj	fe80::1b7c:3140:8b17:9f6e	133	ff02::2	134	icmp	-	165.425616	0	0	OTH	T	F	0	-	16	768	0	0	-	08:00:27:cf:7f:15	33:33:00:00:00:02
1773162471.553400	CDH8994pTaSSio5lc	fe80::48f5:1000:b11d:cd30	5353	ff02::fb	5353	udp	dns	29.087584	1131	0	S0	T	F	0	D	7	1467	0	0	-	08:00:27:b2:e4:c1	33:33:00:00:00:fb
1773162334.594607	CgeVTI2CITy7530415	::	135	ff02::1:ff1d:cd30	136	icmp	-	135.381557	96	0	OTH	T	F	0	-	4	288	0	0	-	08:00:27:b2:e4:c1	33:33:ff:1d:cd:30
1773162335.604744	CZsioh1fqvBJ4na2Rl	fe80::48f5:1000:b11d:cd30	143	ff02::16	0	icmp	-	135.839562	320	0	OTH	T	F	0	-	8	768	0	0	-	08:00:27:b2:e4:c1	33:33:00:00:00:16
1773162335.671793	CwjmXD7fCUvF86St5	fe80::48f5:1000:b11d:cd30	133	ff02::2	134	icmp	-	165.438673	0	0	OTH	T	F	0	-	16	768	0	0	-	08:00:27:b2:e4:c1	33:33:00:00:00:02
1773162278.131143	C7X0081EzOa3Uhx1Dl	0.0.0.0	68	255.255.255.255	67	udp	dhcp	225.837630	13824	0	S0	T	T	0	D	48	15168	0	0	-	08:00:27:cf:7f:15	ff:ff:ff:ff:ff:ff
1773162278.166288	C6PnVR2QzAsQ5jDnpj	::	143	ff02::16	0	icmp	-	236.365902	1160	0	OTH	T	F	0	-	23	2448	0	0	-	08:00:27:cf:7f:15	33:33:00:00:00:16
1773162762.271322	CcysFwlgyWwCfJ4Oi	fe80::1b7c:3140:8b17:9f6e	51612	ff02::c	3702	udp	-	4.949828	6416	0	S0	T	F	0	D	8	6800	0	0	-	08:00:27:cf:7f:15	33:33:00:00:00:0c
1773162815.580945	ClKnic4AGl5xhAsd18	fe80::48f5:1000:b11d:cd30	5353	ff02::fb	5353	udp	dns	14.016033	1301	0	S0	T	F	0	D	8	1685	0	0	-	08:00:27:b2:e4:c1	33:33:00:00:00:fb
1773162845.607152	C8cYXs3ZLYzjIPf5Wj	fe80::48f5:1000:b11d:cd30	5353	ff02::fb	5353	udp	dns	-	-	-	S0	T	F	0	D	1	93	0	0	-	08:00:27:b2:e4:c1	33:33:00:00:00:fb
1773162806.612270	CmQlqF4GQGjNqgmKYe	fe80::1b7c:3140:8b17:9f6e	46630	ff02::c	3702	udp	-	4.911228	6416	0	S0	T	F	0	D	8	6800	0	0	-	08:00:27:cf:7f:15	33:33:00:00:00:0c
1773162861.264433	Ckemvp4luNvlraTkae	fe80::48f5:1000:b11d:cd30	5353	ff02::fb	5353	udp	dns	29.530191	1462	0	S0	T	F	0	D	8	1846	0	0	-	08:00:27:b2:e4:c1	33:33:00:00:00:fb
1773162853.063810	Cbn16c2MNAB88Yyw8g	fe80::1b7c:3140:8b17:9f6e	44929	ff02::c	3702	udp	-	4.182807	6416	0	S0	T	F	0	D	8	6800	0	0	-	08:00:27:cf:7f:15	33:33:00:00:00:0c
1773162906.345494	C057IJ22tOR8KXrPOc	fe80::48f5:1000:b11d:cd30	5353	ff02::fb	5353	udp	dns	29.271544	1131	0	S0	T	F	0	D	7	1467	0	0	-	08:00:27:b2:e4:c1	33:33:00:00:00:fb
1773162758.250005	CFhzI89IixV8LxNE1	::	135	ff02::1:ff17:9f6e	136	icmp	-	135.512997	96	0	OTH	T	F	0	-	4	288	0	0	-	08:00:27:cf:7f:15	33:33:ff:17:9f:6e
1773162759.266066	CjCP1z3p2c33Qj62o2	fe80::1b7c:3140:8b17:9f6e	143	ff02::16	0	icmp	-	136.000478	400	0	OTH	T	F	0	-	16	1296	0	0	-	08:00:27:cf:7f:15	33:33:00:00:00:16
1773162894.797151	CYmPwG4TbVpCwzFDbc	fe80::1b7c:3140:8b17:9f6e	58506	ff02::c	3702	udp	-	7.288925	6416	0	S0	T	F	0	D	8	6800	0	0	-	08:00:27:cf:7f:15	33:33:00:00:00:0c
1773162759.513792	CHyUBD4lMdk9SZcsf	fe80::1b7c:3140:8b17:9f6e	133	ff02::2	134	icmp	-	164.214993	0	0	OTH	T	F	0	-	16	768	0	0	-	08:00:27:cf:7f:15	33:33:00:00:00:02
1773162951.645506	CrPBn51QpWcjmJc39g	fe80::48f5:1000:b11d:cd30	5353	ff02::fb	5353	udp	dns	28.997875	1131	0	S0	T	F	0	D	7	1467	0	0	-	08:00:27:b2:e4:c1	33:33:00:00:00:fb
1773162814.567559	CRlSOMp0heuNxZMRb	::	135	ff02::1:ff1d:cd30	136	icmp	-	135.435955	96	0	OTH	T	F	0	-	4	288	0	0	-	08:00:27:b2:e4:c1	33:33:ff:1d:cd:30
1773162815.571515	CzUXux4yqd61iGjTT1	fe80::48f5:1000:b11d:cd30	143	ff02::16	0	icmp	-	135.966841	320	0	OTH	T	F	0	-	8	768	0	0	-	08:00:27:b2:e4:c1	33:33:00:00:00:16
1773162815.620079	C3clgf1IQd5fWEFg6c	fe80::48f5:1000:b11d:cd30	133	ff02::2	134	icmp	-	166.542724	0	0	OTH	T	F	0	-	16	768	0	0	-	08:00:27:b2:e4:c1	33:33:00:00:00:02
1773162758.124544	C34XJ42TkzKajfBKT4	0.0.0.0	68	255.255.255.255	67	udp	dhcp	225.315282	13824	0	S0	T	T	0	D	48	15168	0	0	-	08:00:27:cf:7f:15	ff:ff:ff:ff:ff:ff
1773162758.146570	CtxsRW3JLKp5FgoOaa	::	143	ff02::16	0	icmp	-	236.719671	760	0	OTH	T	F	0	-	19	1824	0	0	-	08:00:27:cf:7f:15	33:33:00:00:00:16
1773163242.071944	Cw0LK21wlaKyIcReK4	fe80::1b7c:3140:8b17:9f6e	33143	ff02::c	3702	udp	-	4.833079	6416	0	S0	T	F	0	D	8	6800	0	0	-	08:00:27:cf:7f:15	33:33:00:00:00:0c
1773163297.579201	ChEnHP2OzaZUioCtf5	fe80::48f5:1000:b11d:cd30	5353	ff02::fb	5353	udp	dns	28.030004	821	0	S0	T	F	0	D	6	1109	0	0	-	08:00:27:b2:e4:c1	33:33:00:00:00:fb
1773163287.037455	CgjKgw1Igu5yRnn0Mi	fe80::1b7c:3140:8b17:9f6e	38240	ff02::c	3702	udp	-	4.838751	6416	0	S0	T	F	0	D	8	6800	0	0	-	08:00:27:cf:7f:15	33:33:00:00:00:0c
1773163341.598357	CN8nWq2oYccsVByWCh	fe80::48f5:1000:b11d:cd30	5353	ff02::fb	5353	udp	dns	29.016347	1131	0	S0	T	F	0	D	7	1467	0	0	-	08:00:27:b2:e4:c1	33:33:00:00:00:fb
1773163330.896397	C8pDMK18iDgHFFnQ6e	fe80::1b7c:3140:8b17:9f6e	36787	ff02::c	3702	udp	-	6.070369	6416	0	S0	T	F	0	D	8	6800	0	0	-	08:00:27:cf:7f:15	33:33:00:00:00:0c
1773163386.679573	CYk9rI122nfspiIdC4	fe80::48f5:1000:b11d:cd30	5353	ff02::fb	5353	udp	dns	28.963405	1131	0	S0	T	F	0	D	7	1467	0	0	-	08:00:27:b2:e4:c1	33:33:00:00:00:fb
1773163239.043405	CJDTud2bgbP48Lybd4	::	135	ff02::1:ff17:9f6e	136	icmp	-	135.006762	96	0	OTH	T	F	0	-	4	288	0	0	-	08:00:27:cf:7f:15	33:33:ff:17:9f:6e
1773163240.067377	ClMPgV2I2HjXeOGI79	fe80::1b7c:3140:8b17:9f6e	143	ff02::16	0	icmp	-	136.034308	420	0	OTH	T	F	0	-	16	1316	0	0	-	08:00:27:cf:7f:15	33:33:00:00:00:16
1773163375.076951	CofGeK1rEhVjo71eb	fe80::1b7c:3140:8b17:9f6e	36515	ff02::c	3702	udp	-	6.994881	6416	0	S0	T	F	0	D	8	6800	0	0	-	08:00:27:cf:7f:15	33:33:00:00:00:0c
1773163240.193351	CmLLEq22SSESYRWwv4	fe80::1b7c:3140:8b17:9f6e	133	ff02::2	134	icmp	-	161.775561	0	0	OTH	T	F	0	-	16	768	0	0	-	08:00:27:cf:7f:15	33:33:00:00:00:02
1773163431.352172	C9IiXP3NLGLJQH7WKk	fe80::48f5:1000:b11d:cd30	5353	ff02::fb	5353	udp	dns	29.253488	1131	0	S0	T	F	0	D	7	1467	0	0	-	08:00:27:b2:e4:c1	33:33:00:00:00:fb
1773163295.410075	C7Vx22puiHSV1cAE2	::	135	ff02::1:ff1d:cd30	136	icmp	-	134.262241	96	0	OTH	T	F	0	-	4	288	0	0	-	08:00:27:b2:e4:c1	33:33:ff:1d:cd:30
1773163296.438624	C89eqYcykpZhZLBZf	fe80::48f5:1000:b11d:cd30	143	ff02::16	0	icmp	-	134.654617	320	0	OTH	T	F	0	-	8	768	0	0	-	08:00:27:b2:e4:c1	33:33:00:00:00:16
1773163296.481517	CQSWjf2s01Q1g3P0u8	fe80::48f5:1000:b11d:cd30	133	ff02::2	134	icmp	-	163.677523	0	0	OTH	T	F	0	-	16	768	0	0	-	08:00:27:b2:e4:c1	33:33:00:00:00:02
1773163238.081165	ClF1J14TaFYjtXfe0e	0.0.0.0	68	255.255.255.255	67	udp	dhcp	225.007473	13824	0	S0	T	T	0	D	48	15168	0	0	-	08:00:27:cf:7f:15	ff:ff:ff:ff:ff:ff
1773163238.094424	CksTau2dD7Onin2Hc7	::	143	ff02::16	0	icmp	-	237.346178	880	0	OTH	T	F	0	-	20	2000	0	0	-	08:00:27:cf:7f:15	33:33:00:00:00:16
1773163723.037331	CEQ4lL7sQFzg8Y1Ge	fe80::1b7c:3140:8b17:9f6e	44305	ff02::c	3702	udp	-	3.954386	6416	0	S0	T	F	0	D	8	6800	0	0	-	08:00:27:cf:7f:15	33:33:00:00:00:0c
1773163776.590824	CS7ii32OGEFYDHdXTa	fe80::48f5:1000:b11d:cd30	5353	ff02::fb	5353	udp	dns	29.009081	1131	0	S0	T	F	0	D	7	1467	0	0	-	08:00:27:b2:e4:c1	33:33:00:00:00:fb
1773163764.580340	Cy7ITm2AZUWEQrARj1	fe80::1b7c:3140:8b17:9f6e	56112	ff02::c	3702	udp	-	7.546784	6416	0	S0	T	F	0	D	8	6800	0	0	-	08:00:27:cf:7f:15	33:33:00:00:00:0c
1773163821.389618	CjOufq1y0cDroIY2x2	fe80::48f5:1000:b11d:cd30	5353	ff02::fb	5353	udp	dns	29.251008	1131	0	S0	T	F	0	D	7	1467	0	0	-	08:00:27:b2:e4:c1	33:33:00:00:00:fb
1773163812.253054	Cxxh7p1N9BSgxkJYqj	fe80::1b7c:3140:8b17:9f6e	49585	ff02::c	3702	udp	-	3.492022	6416	0	S0	T	F	0	D	8	6800	0	0	-	08:00:27:cf:7f:15	33:33:00:00:00:0c
1773163866.081083	CrYBKL7wGDJN5Gqz8	fe80::48f5:1000:b11d:cd30	5353	ff02::fb	5353	udp	dns	29.533021	1462	0	S0	T	F	0	D	8	1846	0	0	-	08:00:27:b2:e4:c1	33:33:00:00:00:fb
1773163719.010377	Csohwx4wKQT4S1sTm2	::	135	ff02::1:ff17:9f6e	136	icmp	-	134.495993	96	0	OTH	T	F	0	-	4	288	0	0	-	08:00:27:cf:7f:15	33:33:ff:17:9f:6e
1773163720.035773	CAVoSU2C5fpLjky3X4	fe80::1b7c:3140:8b17:9f6e	143	ff02::16	0	icmp	-	134.762052	440	0	OTH	T	F	0	-	16	1336	0	0	-	08:00:27:cf:7f:15	33:33:00:00:00:16
1773163856.566003	CJmVL813vR3jnY5A8i	fe80::1b7c:3140:8b17:9f6e	46360	ff02::c	3702	udp	-	5.148685	6416	0	S0	T	F	0	D	8	6800	0	0	-	08:00:27:cf:7f:15	33:33:00:00:00:0c
1773163720.099617	CyS9lfGxNvDQQr4m3	fe80::1b7c:3140:8b17:9f6e	133	ff02::2	134	icmp	-	161.095776	0	0	OTH	T	F	0	-	16	768	0	0	-	08:00:27:cf:7f:15	33:33:00:00:00:02
1773163911.621871	CbtsDn4mLk24HImxf7	fe80::48f5:1000:b11d:cd30	5353	ff02::fb	5353	udp	dns	28.984959	1131	0	S0	T	F	0	D	7	1467	0	0	-	08:00:27:b2:e4:c1	33:33:00:00:00:fb
1773163775.472094	Cf3vxS1h8kF30Srsxc	::	135	ff02::1:ff1d:cd30	136	icmp	-	134.655076	96	0	OTH	T	F	0	-	4	288	0	0	-	08:00:27:b2:e4:c1	33:33:ff:1d:cd:30
1773163776.497822	CARK491qhYhNmw9oSd	fe80::48f5:1000:b11d:cd30	143	ff02::16	0	icmp	-	135.614194	320	0	OTH	T	F	0	-	8	768	0	0	-	08:00:27:b2:e4:c1	33:33:00:00:00:16
1773163776.657934	CQefql4wcWFfhOuKg1	fe80::48f5:1000:b11d:cd30	133	ff02::2	134	icmp	-	164.530199	0	0	OTH	T	F	0	-	16	768	0	0	-	08:00:27:b2:e4:c1	33:33:00:00:00:02
1773163718.148632	CyG0PC40V16XpEYZ66	0.0.0.0	68	255.255.255.255	67	udp	dhcp	225.979173	13824	0	S0	T	T	0	D	48	15168	0	0	-	08:00:27:cf:7f:15	ff:ff:ff:ff:ff:ff
1773163718.161694	CMy6dJ3yziCKsKfzvk	::	143	ff02::16	0	icmp	-	236.958150	920	0	OTH	T	F	0	-	20	2040	0	0	-	08:00:27:cf:7f:15	33:33:00:00:00:16
1773164202.876790	CkPDta1a3X2CDfdqK2	fe80::1b7c:3140:8b17:9f6e	48288	ff02::c	3702	udp	-	3.539369	6416	0	S0	T	F	0	D	8	6800	0	0	-	08:00:27:cf:7f:15	33:33:00:00:00:0c
1773164256.690186	CKjNhV3JYQtvW8sEFf	fe80::48f5:1000:b11d:cd30	5353	ff02::fb	5353	udp	dns	28.904230	1131	0	S0	T	F	0	D	7	1467	0	0	-	08:00:27:b2:e4:c1	33:33:00:00:00:fb
1773164245.000554	CGrtCE4fPDzeCfWUU1	fe80::1b7c:3140:8b17:9f6e	49557	ff02::c	3702	udp	-	6.493525	6416	0	S0	T	F	0	D	8	6800	0	0	-	08:00:27:cf:7f:15	33:33:00:00:00:0c
1773164301.490113	ChK5Mv4SxwhBhaFYci	fe80::48f5:1000:b11d:cd30	5353	ff02::fb	5353	udp	dns	29.129496	1131	0	S0	T	F	0	D	7	1467	0	0	-	08:00:27:b2:e4:c1	33:33:00:00:00:fb
1773164292.705226	CRBJRl2kzxox3GHc5l	fe80::1b7c:3140:8b17:9f6e	43857	ff02::c	3702	udp	-	4.371287	6416	0	S0	T	F	0	D	8	6800	0	0	-	08:00:27:cf:7f:15	33:33:00:00:00:0c
1773164346.507031	CWTgi62e4mi4bWWTif	fe80::48f5:1000:b11d:cd30	5353	ff02::fb	5353	udp	dns	29.117044	1131	0	S0	T	F	0	D	7	1467	0	0	-	08:00:27:b2:e4:c1	33:33:00:00:00:fb
1773164198.849674	CBpMpx49kF59BGD5l3	::	135	ff02::1:ff17:9f6e	136	icmp	-	134.508133	96	0	OTH	T	F	0	-	4	288	0	0	-	08:00:27:cf:7f:15	33:33:ff:17:9f:6e
1773164199.873764	CoIJoaBqvJA31ku9k	fe80::1b7c:3140:8b17:9f6e	143	ff02::16	0	icmp	-	135.073689	440	0	OTH	T	F	0	-	16	1336	0	0	-	08:00:27:cf:7f:15	33:33:00:00:00:16
1773164336.380042	CpOOcx2ACNRqZScHJe	fe80::1b7c:3140:8b17:9f6e	47033	ff02::c	3702	udp	-	5.423715	6416	0	S0	T	F	0	D	8	6800	0	0	-	08:00:27:cf:7f:15	33:33:00:00:00:0c
1773164199.903681	Cu2xaJ12f4g2evWL04	fe80::1b7c:3140:8b17:9f6e	133	ff02::2	134	icmp	-	164.207878	0	0	OTH	T	F	0	-	16	768	0	0	-	08:00:27:cf:7f:15	33:33:00:00:00:02
1773164391.336127	CPcB9acQQcTWONwqi	fe80::48f5:1000:b11d:cd30	5353	ff02::fb	5353	udp	dns	29.268143	1131	0	S0	T	F	0	D	7	1467	0	0	-	08:00:27:b2:e4:c1	33:33:00:00:00:fb
1773164255.087850	CBehCa100IAqBdndef	::	135	ff02::1:ff1d:cd30	136	icmp	-	135.166375	96	0	OTH	T	F	0	-	4	288	0	0	-	08:00:27:b2:e4:c1	33:33:ff:1d:cd:30
1773164256.115024	CQZJjn1LMfveTJcFa	fe80::48f5:1000:b11d:cd30	143	ff02::16	0	icmp	-	136.027961	320	0	OTH	T	F	0	-	8	768	0	0	-	08:00:27:b2:e4:c1	33:33:00:00:00:16
1773164256.330220	C8yvq02z7byLk6bi53	fe80::48f5:1000:b11d:cd30	133	ff02::2	134	icmp	-	163.238436	0	0	OTH	T	F	0	-	16	768	0	0	-	08:00:27:b2:e4:c1	33:33:00:00:00:02
1773164198.124547	CmZEZHWbcrgeulANk	0.0.0.0	68	255.255.255.255	67	udp	dhcp	224.251077	13824	0	S0	T	T	0	D	48	15168	0	0	-	08:00:27:cf:7f:15	ff:ff:ff:ff:ff:ff
1773164198.141779	CzGjWF1mwNm6Wcx9I4	::	143	ff02::16	0	icmp	-	236.687785	880	0	OTH	T	F	0	-	21	2056	0	0	-	08:00:27:cf:7f:15	33:33:00:00:00:16
1773164680.910415	CsqV554iHoZXcWbD53	fe80::1b7c:3140:8b17:9f6e	37341	ff02::c	3702	udp	-	6.026507	6416	0	S0	T	F	0	D	8	6800	0	0	-	08:00:27:cf:7f:15	33:33:00:00:00:0c
1773164736.366619	CegLwY3JHkTFqs5tG5	fe80::48f5:1000:b11d:cd30	5353	ff02::fb	5353	udp	dns	29.238197	1131	0	S0	T	F	0	D	7	1467	0	0	-	08:00:27:b2:e4:c1	33:33:00:00:00:fb
1773164725.431827	CPp4X72WhHuvHbj8td	fe80::1b7c:3140:8b17:9f6e	49524	ff02::c	3702	udp	-	6.727119	6416	0	S0	T	F	0	D	8	6800	0	0	-	08:00:27:cf:7f:15	33:33:00:00:00:0c
1773164780.601429	CMynnN2S6c63wj53L4	fe80::48f5:1000:b11d:cd30	5353	ff02::fb	5353	udp	dns	14.014571	1301	0	S0	T	F	0	D	8	1685	0	0	-	08:00:27:b2:e4:c1	33:33:00:00:00:fb
1773164810.628632	CjWkpt3spOMJBriGsj	fe80::48f5:1000:b11d:cd30	5353	ff02::fb	5353	udp	dns	-	-	-	S0	T	F	0	D	1	93	0	0	-	08:00:27:b2:e4:c1	33:33:00:00:00:fb
1773164771.704595	CabxVzT9DLk1M53e	fe80::1b7c:3140:8b17:9f6e	52186	ff02::c	3702	udp	-	5.396539	6416	0	S0	T	F	0	D	8	6800	0	0	-	08:00:27:cf:7f:15	33:33:00:00:00:0c
1773164825.971840	CRiWA42leddkuPEbia	fe80::48f5:1000:b11d:cd30	5353	ff02::fb	5353	udp	dns	29.658140	1462	0	S0	T	F	0	D	8	1846	0	0	-	08:00:27:b2:e4:c1	33:33:00:00:00:fb
1773164678.882024	CrlknA2T1JQUeJFCbj	::	135	ff02::1:ff17:9f6e	136	icmp	-	135.423754	96	0	OTH	T	F	0	-	4	288	0	0	-	08:00:27:cf:7f:15	33:33:ff:17:9f:6e
1773164679.905857	CBBMli1x0Z81bwn5F8	fe80::1b7c:3140:8b17:9f6e	143	ff02::16	0	icmp	-	135.583995	400	0	OTH	T	F	0	-	16	1296	0	0	-	08:00:27:cf:7f:15	33:33:00:00:00:16
1773164816.341473	CWh0M6331seYBNgaFj	fe80::1b7c:3140:8b17:9f6e	59925	ff02::c	3702	udp	-	6.609533	6416	0	S0	T	F	0	D	8	6800	0	0	-	08:00:27:cf:7f:15	33:33:00:00:00:0c
1773164680.087538	CN1iHY2UEsn3H1CPd2	fe80::1b7c:3140:8b17:9f6e	133	ff02::2	134	icmp	-	163.860003	0	0	OTH	T	F	0	-	16	768	0	0	-	08:00:27:cf:7f:15	33:33:00:00:00:02
1773164871.280857	CS5oaS3RgqZnGvPJ34	fe80::48f5:1000:b11d:cd30	5353	ff02::fb	5353	udp	dns	29.364023	1131	0	S0	T	F	0	D	7	1467	0	0	-	08:00:27:b2:e4:c1	33:33:00:00:00:fb
1773164735.021201	CwppXX3uJ0NSOpLe4i	::	135	ff02::1:ff1d:cd30	136	icmp	-	134.660122	96	0	OTH	T	F	0	-	4	288	0	0	-	08:00:27:b2:e4:c1	33:33:ff:1d:cd:30
1773164736.045011	Ct8pmj4CmEnN92WRa3	fe80::48f5:1000:b11d:cd30	143	ff02::16	0	icmp	-	134.846968	320	0	OTH	T	F	0	-	8	768	0	0	-	08:00:27:b2:e4:c1	33:33:00:00:00:16
1773164736.259845	CTXOi1309pMUVZJxFe	fe80::48f5:1000:b11d:cd30	133	ff02::2	134	icmp	-	162.076109	0	0	OTH	T	F	0	-	16	768	0	0	-	08:00:27:b2:e4:c1	33:33:00:00:00:02
1773164678.078805	C0jqzJ3VKjWIqQ5AKe	0.0.0.0	68	255.255.255.255	67	udp	dhcp	224.366478	13824	0	S0	T	T	0	D	48	15168	0	0	-	08:00:27:cf:7f:15	ff:ff:ff:ff:ff:ff
1773164678.105674	CPpse91zQTkGAJq9N8	::	143	ff02::16	0	icmp	-	236.490190	1020	0	OTH	T	F	0	-	22	2252	0	0	-	08:00:27:cf:7f:15	33:33:00:00:00:16
1773165161.491851	CKMHIe3KqrzCmLwoR8	fe80::1b7c:3140:8b17:9f6e	38320	ff02::c	3702	udp	-	5.006144	6416	0	S0	T	F	0	D	8	6800	0	0	-	08:00:27:cf:7f:15	33:33:00:00:00:0c
1773165216.623505	CylHZD33DZQJ4pyhR8	fe80::48f5:1000:b11d:cd30	5353	ff02::fb	5353	udp	dns	28.959397	1131	0	S0	T	F	0	D	7	1467	0	0	-	08:00:27:b2:e4:c1	33:33:00:00:00:fb
1773165205.293327	CnqcLY3qq1tp7Vs189	fe80::1b7c:3140:8b17:9f6e	40871	ff02::c	3702	udp	-	6.443280	6416	0	S0	T	F	0	D	8	6800	0	0	-	08:00:27:cf:7f:15	33:33:00:00:00:0c
1773165261.595087	CUUewe2QiVb5QkPDA4	fe80::48f5:1000:b11d:cd30	5353	ff02::fb	5353	udp	dns	29.020233	1131	0	S0	T	F	0	D	7	1467	0	0	-	08:00:27:b2:e4:c1	33:33:00:00:00:fb
1773165253.057289	CKJyvD4TyUb6qi4es4	fe80::1b7c:3140:8b17:9f6e	48140	ff02::c	3702	udp	-	3.659917	6416	0	S0	T	F	0	D	8	6800	0	0	-	08:00:27:cf:7f:15	33:33:00:00:00:0c
1773165306.631035	Czbl52k7NyENsc4Ae	fe80::48f5:1000:b11d:cd30	5353	ff02::fb	5353	udp	dns	28.971473	1131	0	S0	T	F	0	D	7	1467	0	0	-	08:00:27:b2:e4:c1	33:33:00:00:00:fb
1773165158.466631	CUv8G837RqXkEqZJt9	::	135	ff02::1:ff17:9f6e	136	icmp	-	134.867211	96	0	OTH	T	F	0	-	4	288	0	0	-	08:00:27:cf:7f:15	33:33:ff:17:9f:6e
1773165159.489920	CDcTVGy8dkiKqXmYb	fe80::1b7c:3140:8b17:9f6e	143	ff02::16	0	icmp	-	135.584132	420	0	OTH	T	F	0	-	16	1316	0	0	-	08:00:27:cf:7f:15	33:33:00:00:00:16
1773165294.345084	CKBz9a2yq7qAkjH6Hh	fe80::1b7c:3140:8b17:9f6e	52157	ff02::c	3702	udp	-	7.876962	6416	0	S0	T	F	0	D	8	6800	0	0	-	08:00:27:cf:7f:15	33:33:00:00:00:0c
1773165350.571153	C7X4Gg1w07UjjWSYT5	fe80::48f5:1000:b11d:cd30	5353	ff02::fb	5353	udp	dns	14.017923	1462	0	S0	T	F	0	D	8	1846	0	0	-	08:00:27:b2:e4:c1	33:33:00:00:00:fb
1773165159.581041	C5NJ24nNp2tgL8k12	fe80::1b7c:3140:8b17:9f6e	133	ff02::2	134	icmp	-	164.620690	0	0	OTH	T	F	0	-	16	768	0	0	-	08:00:27:cf:7f:15	33:33:00:00:00:02
1773165380.603453	CogsYf4H3fZjrrkQm8	fe80::48f5:1000:b11d:cd30	5353	ff02::fb	5353	udp	dns	-	-	-	S0	T	F	0	D	1	93	0	0	-	08:00:27:b2:e4:c1	33:33:00:00:00:fb
1773165215.083547	C6GjFl1rYUXLnmuSKg	::	135	ff02::1:ff1d:cd30	136	icmp	-	134.461409	96	0	OTH	T	F	0	-	4	288	0	0	-	08:00:27:b2:e4:c1	33:33:ff:1d:cd:30
1773165216.107324	CxHlR92FCYr0o0xzgl	fe80::48f5:1000:b11d:cd30	143	ff02::16	0	icmp	-	134.623115	320	0	OTH	T	F	0	-	8	768	0	0	-	08:00:27:b2:e4:c1	33:33:00:00:00:16
1773165216.315262	CfTzOB4wqvFv5gY87h	fe80::48f5:1000:b11d:cd30	133	ff02::2	134	icmp	-	165.288757	0	0	OTH	T	F	0	-	16	768	0	0	-	08:00:27:b2:e4:c1	33:33:00:00:00:02
1773165158.160841	CKDl9X15MoBAVoTPU9	0.0.0.0	68	255.255.255.255	67	udp	dhcp	225.691294	13824	0	S0	T	T	0	D	48	15168	0	0	-	08:00:27:cf:7f:15	ff:ff:ff:ff:ff:ff
1773165158.187052	CANqHN3rfYu6dHFBHd	::	143	ff02::16	0	icmp	-	236.500419	700	0	OTH	T	F	0	-	18	1708	0	0	-	08:00:27:cf:7f:15	33:33:00:00:00:16
#close	2026-03-10-18-00-00
#separator \x09
#set_separator	,
#empty_field	(empty)
#unset_field	-
#path	conn
#open	2026-03-10-18-01-46
#fields	ts	uid	id.orig_h	id.orig_p	id.resp_h	id.resp_p	proto	service	duration	orig_bytes	resp_bytes	conn_state	local_orig	local_resp	missed_bytes	history	orig_pkts	orig_ip_bytes	resp_pkts	resp_ip_bytes	tunnel_parents	orig_l2_addr	resp_l2_addr
#types	time	string	addr	port	addr	port	enum	string	interval	count	count	string	bool	bool	count	string	count	count	count	count	set[string]	string	string
1773165641.460575	CFvsrb1Wlvpw0w2Btl	fe80::1b7c:3140:8b17:9f6e	45610	ff02::c	3702	udp	-	4.942631	6416	0	S0	T	F	0	D	8	6800	0	0	-	08:00:27:cf:7f:15	33:33:00:00:00:0c
1773165696.388383	Chz9yP1hAtpYykufa2	fe80::48f5:1000:b11d:cd30	5353	ff02::fb	5353	udp	dns	29.197199	1131	0	S0	T	F	0	D	7	1467	0	0	-	08:00:27:b2:e4:c1	33:33:00:00:00:fb
1773165688.189420	CgOLgg2QR4jHcFAsxe	fe80::1b7c:3140:8b17:9f6e	49114	ff02::c	3702	udp	-	3.940343	6416	0	S0	T	F	0	D	8	6800	0	0	-	08:00:27:cf:7f:15	33:33:00:00:00:0c
1773165741.085493	CrZbc21nOidSvslMi4	fe80::48f5:1000:b11d:cd30	5353	ff02::fb	5353	udp	dns	29.524931	1462	0	S0	T	F	0	D	8	1846	0	0	-	08:00:27:b2:e4:c1	33:33:00:00:00:fb
1773165730.000799	C2VD9u1aiRIvSH7Uhc	fe80::1b7c:3140:8b17:9f6e	46714	ff02::c	3702	udp	-	6.728258	6416	0	S0	T	F	0	D	8	6800	0	0	-	08:00:27:cf:7f:15	33:33:00:00:00:0c
1773165786.509347	CYpwqM3Gf25Y4ZVUll	fe80::48f5:1000:b11d:cd30	5353	ff02::fb	5353	udp	dns	29.105422	1131	0	S0	T	F	0	D	7	1467	0	0	-	08:00:27:b2:e4:c1	33:33:00:00:00:fb
1773165638.433919	CzrNMvbIt7pjLKWl5	::	135	ff02::1:ff17:9f6e	136	icmp	-	135.168069	96	0	OTH	T	F	0	-	4	288	0	0	-	08:00:27:cf:7f:15	33:33:ff:17:9f:6e
1773165639.458006	CcbkcG4VNH0WKwKAEk	fe80::1b7c:3140:8b17:9f6e	143	ff02::16	0	icmp	-	136.191635	400	0	OTH	T	F	0	-	16	1296	0	0	-	08:00:27:cf:7f:15	33:33:00:00:00:16
1773165777.635652	CPmYJgk2xMMWniBwh	fe80::1b7c:3140:8b17:9f6e	49058	ff02::c	3702	udp	-	4.077850	6416	0	S0	T	F	0	D	8	6800	0	0	-	08:00:27:cf:7f:15	33:33:00:00:00:0c
1773165639.553281	CgTSha34e4fF1G4LL7	fe80::1b7c:3140:8b17:9f6e	133	ff02::2	134	icmp	-	166.628815	0	0	OTH	T	F	0	-	16	768	0	0	-	08:00:27:cf:7f:15	33:33:00:00:00:02
1773165831.685078	CJNwrv1MBDqbznWsq2	fe80::48f5:1000:b11d:cd30	5353	ff02::fb	5353	udp	dns	28.941107	1131	0	S0	T	F	0	D	7	1467	0	0	-	08:00:27:b2:e4:c1	33:33:00:00:00:fb
1773165694.890297	C7xQIv3O9OkjF3mI6	::	135	ff02::1:ff1d:cd30	136	icmp	-	135.262713	96	0	OTH	T	F	0	-	4	288	0	0	-	08:00:27:b2:e4:c1	33:33:ff:1d:cd:30
1773165695.914681	C8Dv7T2snzihZCDs4	fe80::48f5:1000:b11d:cd30	143	ff02::16	0	icmp	-	135.808285	320	0	OTH	T	F	0	-	8	768	0	0	-	08:00:27:b2:e4:c1	33:33:00:00:00:16
1773165695.949963	CPJbxD2u3IXgA2Ehr4	fe80::48f5:1000:b11d:cd30	133	ff02::2	134	icmp	-	165.359826	0	0	OTH	T	F	0	-	16	768	0	0	-	08:00:27:b2:e4:c1	33:33:00:00:00:02
1773165638.120228	CFpPTZ3WiFgwY55aPi	0.0.0.0	68	255.255.255.255	67	udp	dhcp	225.455831	13824	0	S0	T	T	0	D	48	15168	0	0	-	08:00:27:cf:7f:15	ff:ff:ff:ff:ff:ff
1773165638.145953	CM3hRe1dNOoa8PlYL5	::	143	ff02::16	0	icmp	-	236.510705	1080	0	OTH	T	F	0	-	22	2312	0	0	-	08:00:27:cf:7f:15	33:33:00:00:00:16
1773166120.782381	CVDXWT2CwOKadS8WF6	fe80::1b7c:3140:8b17:9f6e	57368	ff02::c	3702	udp	-	6.262093	6416	0	S0	T	F	0	D	8	6800	0	0	-	08:00:27:cf:7f:15	33:33:00:00:00:0c
1773166176.492444	CrgaSC17ow7bj2UDli	fe80::48f5:1000:b11d:cd30	5353	ff02::fb	5353	udp	dns	29.107877	1131	0	S0	T	F	0	D	7	1467	0	0	-	08:00:27:b2:e4:c1	33:33:00:00:00:fb
1773166168.093686	C29Y9928w6HHyAWdEd	fe80::1b7c:3140:8b17:9f6e	35089	ff02::c	3702	udp	-	3.541626	6416	0	S0	T	F	0	D	8	6800	0	0	-	08:00:27:cf:7f:15	33:33:00:00:00:0c
1773166221.415718	CQVb433m4Gmyo2kpc4	fe80::48f5:1000:b11d:cd30	5353	ff02::fb	5353	udp	dns	29.195108	1131	0	S0	T	F	0	D	7	1467	0	0	-	08:00:27:b2:e4:c1	33:33:00:00:00:fb
1773166211.450905	CzoHTC1D0YlOWeLxQ7	fe80::1b7c:3140:8b17:9f6e	58702	ff02::c	3702	udp	-	5.546851	6416	0	S0	T	F	0	D	8	6800	0	0	-	08:00:27:cf:7f:15	33:33:00:00:00:0c
1773166265.736598	CdStS2iEIJPFxupxk	fe80::48f5:1000:b11d:cd30	5353	ff02::fb	5353	udp	dns	29.871490	1301	0	S0	T	F	0	D	8	1685	0	0	-	08:00:27:b2:e4:c1	33:33:00:00:00:fb
1773166118.753727	CQsLVg2BA1Rap5o1tj	::	135	ff02::1:ff17:9f6e	136	icmp	-	134.880087	96	0	OTH	T	F	0	-	4	288	0	0	-	08:00:27:cf:7f:15	33:33:ff:17:9f:6e
1773166119.778184	CvwOuf2XwOGCkSAKtb	fe80::1b7c:3140:8b17:9f6e	143	ff02::16	0	icmp	-	135.935490	440	0	OTH	T	F	0	-	16	1336	0	0	-	08:00:27:cf:7f:15	33:33:00:00:00:16
1773166254.670792	CIgGOs4RyDqvk81Rn5	fe80::1b7c:3140:8b17:9f6e	36107	ff02::c	3702	udp	-	6.908100	6416	0	S0	T	F	0	D	8	6800	0	0	-	08:00:27:cf:7f:15	33:33:00:00:00:0c
1773166119.781275	CnCZVu2WMpPAmPpmah	fe80::1b7c:3140:8b17:9f6e	133	ff02::2	134	icmp	-	161.540138	0	0	OTH	T	F	0	-	16	768	0	0	-	08:00:27:cf:7f:15	33:33:00:00:00:02
1773166311.664755	CDBPeFHgxQ3fdMl4k	fe80::48f5:1000:b11d:cd30	5353	ff02::fb	5353	udp	dns	28.963311	1131	0	S0	T	F	0	D	7	1467	0	0	-	08:00:27:b2:e4:c1	33:33:00:00:00:fb
1773166175.179745	Ck5r493kqv2SIbQ8Cc	::	135	ff02::1:ff1d:cd30	136	icmp	-	134.911452	96	0	OTH	T	F	0	-	4	288	0	0	-	08:00:27:b2:e4:c1	33:33:ff:1d:cd:30
1773166176.200273	C5nIJCsUZMUYZMTUl	fe80::48f5:1000:b11d:cd30	143	ff02::16	0	icmp	-	135.807339	320	0	OTH	T	F	0	-	8	768	0	0	-	08:00:27:b2:e4:c1	33:33:00:00:00:16
1773166176.218172	C1izbS39SFtghers9	fe80::48f5:1000:b11d:cd30	133	ff02::2	134	icmp	-	161.226067	0	0	OTH	T	F	0	-	16	768	0	0	-	08:00:27:b2:e4:c1	33:33:00:00:00:02
1773166118.091753	CW7E8wSMu8umFUHNj	0.0.0.0	68	255.255.255.255	67	udp	dhcp	225.459770	13824	0	S0	T	T	0	D	48	15168	0	0	-	08:00:27:cf:7f:15	ff:ff:ff:ff:ff:ff
1773166118.110205	CefmgCNdxqPZdA7Ec	::	143	ff02::16	0	icmp	-	236.745783	880	0	OTH	T	F	0	-	20	2000	0	0	-	08:00:27:cf:7f:15	33:33:00:00:00:16
1773166599.628970	CReK2J3bbHTVUgx4Pk	fe80::1b7c:3140:8b17:9f6e	44544	ff02::c	3702	udp	-	7.483183	6416	0	S0	T	F	0	D	8	6800	0	0	-	08:00:27:cf:7f:15	33:33:00:00:00:0c
1773166656.581843	CNblQ4GGcWXg0H3P9	fe80::48f5:1000:b11d:cd30	5353	ff02::fb	5353	udp	dns	29.006271	1131	0	S0	T	F	0	D	7	1467	0	0	-	08:00:27:b2:e4:c1	33:33:00:00:00:fb
1773166645.621897	Cfy9YZ3FOTyVDkgE8b	fe80::1b7c:3140:8b17:9f6e	46126	ff02::c	3702	udp	-	6.447467	6416	0	S0	T	F	0	D	8	6800	0	0	-	08:00:27:cf:7f:15	33:33:00:00:00:0c
1773166702.602694	Cmm2ia2vD6gKAzfnBi	fe80::48f5:1000:b11d:cd30	5353	ff02::fb	5353	udp	dns	28.019985	821	0	S0	T	F	0	D	6	1109	0	0	-	08:00:27:b2:e4:c1	33:33:00:00:00:fb
1773166692.416713	CdlkPO3ZRRmXk6lMz	fe80::1b7c:3140:8b17:9f6e	55138	ff02::c	3702	udp	-	4.236028	6416	0	S0	T	F	0	D	8	6800	0	0	-	08:00:27:cf:7f:15	33:33:00:00:00:0c
1773166746.420194	CWPBKF36fWYstNv9H5	fe80::48f5:1000:b11d:cd30	5353	ff02::fb	5353	udp	dns	29.177021	1131	0	S0	T	F	0	D	7	1467	0	0	-	08:00:27:b2:e4:c1	33:33:00:00:00:fb
1773166598.593739	CuYAu01QOjgN4zDMXf	::	135	ff02::1:ff17:9f6e	136	icmp	-	135.012125	96	0	OTH	T	F	0	-	4	288	0	0	-	08:00:27:cf:7f:15	33:33:ff:17:9f:6e
1773166599.618386	CeDm7W1Rhde7KVR9qk	fe80::1b7c:3140:8b17:9f6e	143	ff02::16	0	icmp	-	135.811293	420	0	OTH	T	F	0	-	16	1316	0	0	-	08:00:27:cf:7f:15	33:33:00:00:00:16
1773166736.636215	CAGqjN1uqwT7Y7r9Ui	fe80::1b7c:3140:8b17:9f6e	42329	ff02::c	3702	udp	-	4.760771	6416	0	S0	T	F	0	D	8	6800	0	0	-	08:00:27:cf:7f:15	33:33:00:00:00:0c
1773166599.863173	CD0TYb2IJtns5mO7b9	fe80::1b7c:3140:8b17:9f6e	133	ff02::2	134	icmp	-	160.577700	0	0	OTH	T	F	0	-	16	768	0	0	-	08:00:27:cf:7f:15	33:33:00:00:00:02
1773166791.516722	Cbv6Xu3ozby34foms7	fe80::48f5:1000:b11d:cd30	5353	ff02::fb	5353	udp	dns	29.081284	1131	0	S0	T	F	0	D	7	1467	0	0	-	08:00:27:b2:e4:c1	33:33:00:00:00:fb
1773166655.110214	CxRYjDFm3M7xbv7Bg	::	135	ff02::1:ff1d:cd30	136	icmp	-	135.328170	96	0	OTH	T	F	0	-	4	288	0	0	-	08:00:27:b2:e4:c1	33:33:ff:1d:cd:30
1773166656.134265	CtK3KG1z8pYl8BH5Eh	fe80::48f5:1000:b11d:cd30	143	ff02::16	0	icmp	-	135.808543	320	0	OTH	T	F	0	-	8	768	0	0	-	08:00:27:b2:e4:c1	33:33:00:00:00:16
1773166656.266333	CTNCyH11jcTdZ0yRh	fe80::48f5:1000:b11d:cd30	133	ff02::2	134	icmp	-	165.420405	0	0	OTH	T	F	0	-	16	768	0	0	-	08:00:27:b2:e4:c1	33:33:00:00:00:02
1773166598.093453	Cssbzh1Evf0gNzAAyj	0.0.0.0	68	255.255.255.255	67	udp	dhcp	224.836338	13824	0	S0	T	T	0	D	48	15168	0	0	-	08:00:27:cf:7f:15	ff:ff:ff:ff:ff:ff
1773166598.113827	CQrw1E2ECQoe2wVblc	::	143	ff02::16	0	icmp	-	236.535841	820	0	OTH	T	F	0	-	20	1940	0	0	-	08:00:27:cf:7f:15	33:33:00:00:00:16
1773167094.175538	CxmVhr4Bd2QJCnYCQf	192.168.56.30	50460	192.168.56.10	1514	tcp	-	0.003816	0	0	REJ	T	T	0	Sr	1	52	1	40	-	08:00:27:e0:40:55	08:00:27:d4:57:ad
1773167081.103373	Cj5toKNWcsUXDvLL5	fe80::1b7c:3140:8b17:9f6e	56549	ff02::c	3702	udp	-	5.966045	6416	0	S0	T	F	0	D	8	6800	0	0	-	08:00:27:cf:7f:15	33:33:00:00:00:0c
1773167136.637078	CnO16s17cCmMl73yV1	fe80::48f5:1000:b11d:cd30	5353	ff02::fb	5353	udp	dns	28.948847	1131	0	S0	T	F	0	D	7	1467	0	0	-	08:00:27:b2:e4:c1	33:33:00:00:00:fb
1773167128.027356	CaVX734KGo5KVeylZk	fe80::1b7c:3140:8b17:9f6e	42777	ff02::c	3702	udp	-	3.744933	6416	0	S0	T	F	0	D	8	6800	0	0	-	08:00:27:cf:7f:15	33:33:00:00:00:0c
1773167181.027852	CRv7u72EZhIc5vSVD	fe80::48f5:1000:b11d:cd30	5353	ff02::fb	5353	udp	dns	29.592968	1462	0	S0	T	F	0	D	8	1846	0	0	-	08:00:27:b2:e4:c1	33:33:00:00:00:fb
1773167171.869413	C1Wi8e1zCKUtDc7d95	fe80::1b7c:3140:8b17:9f6e	42575	ff02::c	3702	udp	-	5.114549	6416	0	S0	T	F	0	D	8	6800	0	0	-	08:00:27:cf:7f:15	33:33:00:00:00:0c
1773167227.572709	CERI8314GsxCQj92kc	fe80::48f5:1000:b11d:cd30	5353	ff02::fb	5353	udp	dns	28.024165	821	0	S0	T	F	0	D	6	1109	0	0	-	08:00:27:b2:e4:c1	33:33:00:00:00:fb
1773167079.074237	CeSK64odYIkfG2GR3	::	135	ff02::1:ff17:9f6e	136	icmp	-	134.208292	96	0	OTH	T	F	0	-	4	288	0	0	-	08:00:27:cf:7f:15	33:33:ff:17:9f:6e
1773167080.101859	Cf9s6V13a0SEnL4Joi	fe80::1b7c:3140:8b17:9f6e	143	ff02::16	0	icmp	-	134.716959	400	0	OTH	T	F	0	-	16	1296	0	0	-	08:00:27:cf:7f:15	33:33:00:00:00:16
1773167217.308507	CSjBpf3ZUYKpJqj6uh	fe80::1b7c:3140:8b17:9f6e	46898	ff02::c	3702	udp	-	4.923911	6416	0	S0	T	F	0	D	8	6800	0	0	-	08:00:27:cf:7f:15	33:33:00:00:00:0c
1773167080.343858	CN9R4A2lUfjCKzMGB9	fe80::1b7c:3140:8b17:9f6e	133	ff02::2	134	icmp	-	158.535879	0	0	OTH	T	F	0	-	16	768	0	0	-	08:00:27:cf:7f:15	33:33:00:00:00:02
1773167271.332126	Cw7Rwh3kTGzCECIMF3	fe80::48f5:1000:b11d:cd30	5353	ff02::fb	5353	udp	dns	29.282670	1131	0	S0	T	F	0	D	7	1467	0	0	-	08:00:27:b2:e4:c1	33:33:00:00:00:fb
1773167135.145035	CtEx0640oR7ePzCVfe	::	135	ff02::1:ff1d:cd30	136	icmp	-	134.842930	96	0	OTH	T	F	0	-	4	288	0	0	-	08:00:27:b2:e4:c1	33:33:ff:1d:cd:30
1773167136.165493	CuupQ93DeUfAFqMLl8	fe80::48f5:1000:b11d:cd30	143	ff02::16	0	icmp	-	135.230878	320	0	OTH	T	F	0	-	8	768	0	0	-	08:00:27:b2:e4:c1	33:33:00:00:00:16
1773167136.394912	CsB4jC31QXtAgeKD6i	fe80::48f5:1000:b11d:cd30	133	ff02::2	134	icmp	-	163.323527	0	0	OTH	T	F	0	-	16	768	0	0	-	08:00:27:b2:e4:c1	33:33:00:00:00:02
1773167078.136039	Ccafsx3Ps3xexEfJG9	0.0.0.0	68	255.255.255.255	67	udp	dhcp	224.681149	13824	0	S0	T	T	0	D	48	15168	0	0	-	08:00:27:cf:7f:15	ff:ff:ff:ff:ff:ff
1773167078.169878	CxsXQu1PKyDVbxsjSc	::	143	ff02::16	0	icmp	-	236.906011	860	0	OTH	T	F	0	-	20	1980	0	0	-	08:00:27:cf:7f:15	33:33:00:00:00:16
1773167560.808336	CEz2TW2M1bcjzZDJGe	fe80::1b7c:3140:8b17:9f6e	38781	ff02::c	3702	udp	-	6.333941	6416	0	S0	T	F	0	D	8	6800	0	0	-	08:00:27:cf:7f:15	33:33:00:00:00:0c
1773167617.541140	CcE7Lw2sWsOCZ2CL85	fe80::48f5:1000:b11d:cd30	5353	ff02::fb	5353	udp	dns	28.058510	821	0	S0	T	F	0	D	6	1109	0	0	-	08:00:27:b2:e4:c1	33:33:00:00:00:fb
1773167605.228424	C67H4p4rRvgVPhPiak	fe80::1b7c:3140:8b17:9f6e	51260	ff02::c	3702	udp	-	5.615887	6416	0	S0	T	F	0	D	8	6800	0	0	-	08:00:27:cf:7f:15	33:33:00:00:00:0c
1773167661.018918	CgdMth3SJECsm7ES78	fe80::48f5:1000:b11d:cd30	5353	ff02::fb	5353	udp	dns	29.585016	1462	0	S0	T	F	0	D	8	1846	0	0	-	08:00:27:b2:e4:c1	33:33:00:00:00:fb
1773167649.676157	CC8a8X1gHzvSbK5rY	fe80::1b7c:3140:8b17:9f6e	46171	ff02::c	3702	udp	-	7.256576	6416	0	S0	T	F	0	D	8	6800	0	0	-	08:00:27:cf:7f:15	33:33:00:00:00:0c
1773167706.668238	Ccfwk93U3ek6UcFxr7	fe80::48f5:1000:b11d:cd30	5353	ff02::fb	5353	udp	dns	28.929321	1131	0	S0	T	F	0	D	7	1467	0	0	-	08:00:27:b2:e4:c1	33:33:00:00:00:fb
1773167558.758176	COxlcPuJ6gRWjvb52	::	135	ff02::1:ff17:9f6e	136	icmp	-	135.355473	96	0	OTH	T	F	0	-	4	288	0	0	-	08:00:27:cf:7f:15	33:33:ff:17:9f:6e
1773167559.807147	CssEtF4CxYQMciWCqi	fe80::1b7c:3140:8b17:9f6e	143	ff02::16	0	icmp	-	136.130848	440	0	OTH	T	F	0	-	16	1336	0	0	-	08:00:27:cf:7f:15	33:33:00:00:00:16
1773167695.140372	CL2hY93p6iJivGnro6	fe80::1b7c:3140:8b17:9f6e	37736	ff02::c	3702	udp	-	6.960240	6416	0	S0	T	F	0	D	8	6800	0	0	-	08:00:27:cf:7f:15	33:33:00:00:00:0c
1773167560.002348	CgEs3Z2Wu37LU7ki3k	fe80::1b7c:3140:8b17:9f6e	133	ff02::2	134	icmp	-	163.877735	0	0	OTH	T	F	0	-	16	768	0	0	-	08:00:27:cf:7f:15	33:33:00:00:00:02
1773167751.262714	COpTf91oMWw1Hf2idk	fe80::48f5:1000:b11d:cd30	5353	ff02::fb	5353	udp	dns	29.348499	1131	0	S0	T	F	0	D	7	1467	0	0	-	08:00:27:b2:e4:c1	33:33:00:00:00:fb
1773167615.303456	CKkdAQ3QeWu1KyKay4	::	135	ff02::1:ff1d:cd30	136	icmp	-	134.651072	96	0	OTH	T	F	0	-	4	288	0	0	-	08:00:27:b2:e4:c1	33:33:ff:1d:cd:30
1773167616.323795	CQ9ygr4W1WfvOGoB38	fe80::48f5:1000:b11d:cd30	143	ff02::16	0	icmp	-	135.199410	320	0	OTH	T	F	0	-	8	768	0	0	-	08:00:27:b2:e4:c1	33:33:00:00:00:16
1773167616.485663	C5HkN6265EckS9eyOj	fe80::48f5:1000:b11d:cd30	133	ff02::2	134	icmp	-	160.944715	0	0	OTH	T	F	0	-	16	768	0	0	-	08:00:27:b2:e4:c1	33:33:00:00:00:02
1773167558.092360	Csb3rq3F6uo9chNZq	0.0.0.0	68	255.255.255.255	67	udp	dhcp	224.730332	13824	0	S0	T	T	0	D	48	15168	0	0	-	08:00:27:cf:7f:15	ff:ff:ff:ff:ff:ff
1773167558.114631	C097Lj2THENPN6NlKe	::	143	ff02::16	0	icmp	-	236.424066	880	0	OTH	T	F	0	-	20	2000	0	0	-	08:00:27:cf:7f:15	33:33:00:00:00:16
1773168039.241393	CwusYV3vNiOnusd99e	fe80::1b7c:3140:8b17:9f6e	37573	ff02::c	3702	udp	-	6.997596	6416	0	S0	T	F	0	D	8	6800	0	0	-	08:00:27:cf:7f:15	33:33:00:00:00:0c
1773168096.244905	CHOPT92K2IXuqnCVDc	fe80::48f5:1000:b11d:cd30	5353	ff02::fb	5353	udp	dns	29.341617	1131	0	S0	T	F	0	D	7	1467	0	0	-	08:00:27:b2:e4:c1	33:33:00:00:00:fb
1773168087.490602	CZMt7l4ztj4g59LlA7	fe80::1b7c:3140:8b17:9f6e	55519	ff02::c	3702	udp	-	4.030417	6416	0	S0	T	F	0	D	8	6800	0	0	-	08:00:27:cf:7f:15	33:33:00:00:00:0c
1773168141.477600	CmD5rOUVsMQBVPqh8	fe80::48f5:1000:b11d:cd30	5353	ff02::fb	5353	udp	dns	29.147344	1131	0	S0	T	F	0	D	7	1467	0	0	-	08:00:27:b2:e4:c1	33:33:00:00:00:fb
1773168130.055932	CEj4yD4dadfxfoQNol	fe80::1b7c:3140:8b17:9f6e	49484	ff02::c	3702	udp	-	6.723700	6416	0	S0	T	F	0	D	8	6800	0	0	-	08:00:27:cf:7f:15	33:33:00:00:00:0c
1773168186.087494	CpRSYV3qAaVevCr5Te	fe80::48f5:1000:b11d:cd30	5353	ff02::fb	5353	udp	dns	29.527821	1462	0	S0	T	F	0	D	8	1846	0	0	-	08:00:27:b2:e4:c1	33:33:00:00:00:fb
1773168038.230009	CSkRiz2Onsc2p8KRse	::	135	ff02::1:ff17:9f6e	136	icmp	-	135.127652	96	0	OTH	T	F	0	-	4	288	0	0	-	08:00:27:cf:7f:15	33:33:ff:17:9f:6e
1773168039.234301	COoQ072DCTD6vKhHQa	fe80::1b7c:3140:8b17:9f6e	143	ff02::16	0	icmp	-	135.807953	420	0	OTH	T	F	0	-	16	1316	0	0	-	08:00:27:cf:7f:15	33:33:00:00:00:16
1773168177.386967	CdSWaNmZYxji9Wcp8	fe80::1b7c:3140:8b17:9f6e	48459	ff02::c	3702	udp	-	4.018218	6416	0	S0	T	F	0	D	8	6800	0	0	-	08:00:27:cf:7f:15	33:33:00:00:00:0c
1773168039.484500	CGrymI1pMcAUrxKqJ7	fe80::1b7c:3140:8b17:9f6e	133	ff02::2	134	icmp	-	159.346246	0	0	OTH	T	F	0	-	16	768	0	0	-	08:00:27:cf:7f:15	33:33:00:00:00:02
1773168230.561193	CZidZD3NPTXLUAPnFe	fe80::48f5:1000:b11d:cd30	5353	ff02::fb	5353	udp	dns	14.036011	1301	0	S0	T	F	0	D	8	1685	0	0	-	08:00:27:b2:e4:c1	33:33:00:00:00:fb
1773168260.615012	CVaxpN2R38cT3YvC8k	fe80::48f5:1000:b11d:cd30	5353	ff02::fb	5353	udp	dns	-	-	-	S0	T	F	0	D	1	93	0	0	-	08:00:27:b2:e4:c1	33:33:00:00:00:fb
1773168094.945493	CIyIN74jzlOphlGpHg	::	135	ff02::1:ff1d:cd30	136	icmp	-	134.543400	96	0	OTH	T	F	0	-	4	288	0	0	-	08:00:27:b2:e4:c1	33:33:ff:1d:cd:30
1773168095.973401	CWqqzT261DUjBPDkp	fe80::48f5:1000:b11d:cd30	143	ff02::16	0	icmp	-	134.589892	320	0	OTH	T	F	0	-	8	768	0	0	-	08:00:27:b2:e4:c1	33:33:00:00:00:16
1773168096.009355	CQCRSN2cVfNxpOysIc	fe80::48f5:1000:b11d:cd30	133	ff02::2	134	icmp	-	160.353192	0	0	OTH	T	F	0	-	16	768	0	0	-	08:00:27:b2:e4:c1	33:33:00:00:00:02
1773168038.097995	CFopIT1GXh8o0ToDX9	0.0.0.0	68	255.255.255.255	67	udp	dhcp	224.696500	13824	0	S0	T	T	0	D	48	15168	0	0	-	08:00:27:cf:7f:15	ff:ff:ff:ff:ff:ff
1773168038.137874	COyMBG1bf4eAEGdFJj	::	143	ff02::16	0	icmp	-	237.257411	980	0	OTH	T	F	0	-	22	2212	0	0	-	08:00:27:cf:7f:15	33:33:00:00:00:16
